Component: ARM Compiler 5.06 update 6 (build 750) Tool: armlink [4d35ed]

==============================================================================

Section Cross References

    arch_main.o(.text) refers to uart.o(.text) for uart_printf
    arch_main.o(.text) refers to wdt.o(.text) for wdt_enable
    arch_main.o(.text) refers to flash.o(.text) for flash_read
    arch_main.o(.text) refers to gpio.o(.text) for gpio_triger
    arch_main.o(.text) refers to icu.o(.text) for icu_set_sleep_mode
    arch_main.o(.text) refers to rwip.o(.text) for rwip_prevent_sleep_set
    arch_main.o(.text) refers to pwm.o(.text) for pwm_init
    arch_main.o(.text) refers to app.o(.text) for appm_disconnect
    arch_main.o(.text) refers to emi.o(.text) for emi_init
    arch_main.o(.text) refers to timer.o(.text) for timer_init
    arch_main.o(.text) refers to intc.o(.text) for intc_init
    arch_main.o(.text) refers to arch_main.o(.constdata) for .constdata
    arch_main.o(.text) refers to prf.o(.text) for prf_get_id_from_task
    arch_main.o(.text) refers to rwble_hl.o(.text) for rwble_hl_reset
    arch_main.o(.text) refers to app_task.o(.data) for connect_status_flag
    arch_main.o(.text) refers to aes.o(.bss) for p_array
    arch_main.o(.text) refers to arch_main.o(.bss) for .bss
    boot_handlers.o(SYS_BOOT) refers to arch_main.o(.text) for rw_main
    boot_vectors.o(SYS_BOOT) refers to boot_handlers.o(SYS_BOOT) for sys_Reset
    boot_vectors.o(SYS_BOOT) refers to intc.o(sys_irq_entry) for SYSirq_IRQ_Handler
    boot_vectors.o(SYS_BOOT) refers to intc.o(sys_fiq_entry) for SYSirq_FIQ_Handler
    rwble.o(.text) refers to rwip.o(.text) for rwip_wakeup
    rwble.o(.text) refers to wdt.o(.text) for wdt_feed
    rwip.o(.text) refers to rf_xvr.o(.text) for rf_init
    rwip.o(.text) refers to arch_main.o(.text) for rwip_eif_get
    rwip.o(.text) refers to rwble_hl.o(.text) for rwble_hl_init
    rwip.o(.text) refers to rwble.o(.text) for rwble_init
    rwip.o(.text) refers to app.o(.text) for appm_init
    rwip.o(.text) refers to uart.o(.text) for check_uart_stop
    rwip.o(.text) refers to wdt.o(.text) for wdt_feed
    rwip.o(.text) refers to rwip.o(.bss) for .bss
    rwip.o(.text) refers to rwip.o(ke_heap) for ke_heap
    rwip.o(.text) refers to uart.o(.data) for cur_read_buf_idx
    flash.o(.text) refers to flash.o(.bss) for .bss
    flash.o(.text) refers to flash.o(.data) for .data
    gpio.o(.text) refers to uart.o(.text) for uart_printf
    gpio.o(.text) refers to gpio.o(.data) for .data
    gpio.o(.text) refers to gpio.o(.bss) for .bss
    icu.o(.text) refers to rf_xvr.o(.text) for Delay_us
    icu.o(.text) refers to icu.o(.data) for .data
    intc.o(.text) refers to icu.o(.text) for cpu_wakeup
    intc.o(.text) refers to uart.o(.text) for uart_isr
    intc.o(.text) refers to gpio.o(.text) for gpio_isr
    intc.o(.text) refers to pwm.o(.text) for pwm_isr
    intc.o(.text) refers to rwble.o(.text) for rwble_isr
    intc.o(.text) refers to rwip.o(.bss) for rwip_sleep_time
    intc.o(sys_fiq_entry) refers to intc.o(.text) for FIQ_Exception
    intc.o(sys_irq_entry) refers to intc.o(.text) for IRQ_Exception
    pwm.o(.text) refers to pwm.o(.bss) for .bss
    wdt.o(.text) refers to wdt.o(.data) for .data
    uart.o(.text) refers to printfa.o(i.__0vsprintf) for vsprintf
    uart.o(.text) refers to arch_main.o(.text) for assert_err
    uart.o(.text) refers to uart.o(.bss) for .bss
    uart.o(.text) refers to uart.o(.data) for .data
    rf_xvr.o(.text) refers to rf_xvr.o(.bss) for .bss
    bass.o(.text) refers to prf.o(.text) for prf_env_get
    bass.o(.text) refers to bass.o(.constdata) for .constdata
    bass.o(.text) refers to bass_task.o(.constdata) for bass_default_handler
    bass.o(.constdata) refers to bass.o(.text) for bass_init
    bass_task.o(.text) refers to prf.o(.text) for prf_env_get
    bass_task.o(.text) refers to bass.o(.text) for bass_exe_operation
    bass_task.o(.text) refers to prf_utils.o(.text) for prf_pack_char_pres_fmt
    bass_task.o(.constdata) refers to bass_task.o(.text) for bass_enable_req_handler
    bass_task.o(.constdata) refers to bass_task.o(.constdata) for bass_default_state
    diss.o(.text) refers to diss.o(.constdata) for .constdata
    diss.o(.text) refers to diss_task.o(.constdata) for diss_default_handler
    diss.o(.constdata) refers to diss.o(.text) for diss_init
    diss_task.o(.text) refers to prf.o(.text) for prf_env_get
    diss_task.o(.text) refers to diss.o(.text) for diss_value_to_handle
    diss_task.o(.constdata) refers to diss_task.o(.text) for diss_set_value_req_handler
    diss_task.o(.constdata) refers to diss_task.o(.constdata) for diss_default_state
    fff0s.o(.text) refers to prf.o(.text) for prf_env_get
    fff0s.o(.text) refers to fff0s.o(.constdata) for .constdata
    fff0s.o(.text) refers to fff0s_task.o(.constdata) for fff0s_default_handler
    fff0s.o(.constdata) refers to fff0s.o(.text) for fff0s_init
[...]
    lld_util_get_peer_offset                 0x0000a097   Thumb Code     0  stack_rom_symbol.txt ABSOLUTE
    lld_util_connection_param_set            0x0000a0b7   Thumb Code     0  stack_rom_symbol.txt ABSOLUTE
    lld_util_dle_set_cs_fields               0x0000a101   Thumb Code     0  stack_rom_symbol.txt ABSOLUTE
    lld_util_anchor_point_move               0x0000a123   Thumb Code     0  stack_rom_symbol.txt ABSOLUTE
    lld_util_flush_list                      0x0000a1f3   Thumb Code     0  stack_rom_symbol.txt ABSOLUTE
    lld_util_instant_ongoing                 0x0000a209   Thumb Code     0  stack_rom_symbol.txt ABSOLUTE
    lld_util_compute_ce_max                  0x0000a215   Thumb Code     0  stack_rom_symbol.txt ABSOLUTE
    lld_util_elt_programmed                  0x0000a2a7   Thumb Code     0  stack_rom_symbol.txt ABSOLUTE
    lld_util_priority_set                    0x0000a2c5   Thumb Code     0  stack_rom_symbol.txt ABSOLUTE
    lld_util_priority_update                 0x0000a309   Thumb Code     0  stack_rom_symbol.txt ABSOLUTE
    lld_util_get_tx_pkt_cnt                  0x0000a30f   Thumb Code     0  stack_rom_symbol.txt ABSOLUTE
    lld_util_eff_tx_time_set                 0x0000a315   Thumb Code     0  stack_rom_symbol.txt ABSOLUTE
    llm_ral_clear                            0x0000a339   Thumb Code     0  stack_rom_symbol.txt ABSOLUTE
    llm_wl_clr                               0x0000a357   Thumb Code     0  stack_rom_symbol.txt ABSOLUTE
    llm_encryption_start                     0x0000a3a9   Thumb Code     0  stack_rom_symbol.txt ABSOLUTE
    llm_encryption_done                      0x0000a439   Thumb Code     0  stack_rom_symbol.txt ABSOLUTE
    llm_init                                 0x0000a505   Thumb Code     0  stack_rom_symbol.txt ABSOLUTE
    llm_common_cmd_complete_send             0x0000a5ff   Thumb Code     0  stack_rom_symbol.txt ABSOLUTE
    llm_ble_ready                            0x0000a617   Thumb Code     0  stack_rom_symbol.txt ABSOLUTE
    llm_con_req_ind                          0x0000a61d   Thumb Code     0  stack_rom_symbol.txt ABSOLUTE
    llm_common_cmd_status_send               0x0000a78b   Thumb Code     0  stack_rom_symbol.txt ABSOLUTE
    llm_set_adv_param                        0x0000a7a3   Thumb Code     0  stack_rom_symbol.txt ABSOLUTE
    llm_ral_update                           0x0000a90b   Thumb Code     0  stack_rom_symbol.txt ABSOLUTE
    llm_set_adv_en                           0x0000a937   Thumb Code     0  stack_rom_symbol.txt ABSOLUTE
    llm_set_adv_data                         0x0000aa39   Thumb Code     0  stack_rom_symbol.txt ABSOLUTE
    llm_set_scan_rsp_data                    0x0000aac7   Thumb Code     0  stack_rom_symbol.txt ABSOLUTE
    llm_wl_dev_add                           0x0000ab55   Thumb Code     0  stack_rom_symbol.txt ABSOLUTE
    llm_wl_dev_rem                           0x0000abad   Thumb Code     0  stack_rom_symbol.txt ABSOLUTE
    llm_wl_dev_add_hdl                       0x0000abd3   Thumb Code     0  stack_rom_symbol.txt ABSOLUTE
    llm_wl_dev_rem_hdl                       0x0000ac45   Thumb Code     0  stack_rom_symbol.txt ABSOLUTE
    llm_ral_dev_add                          0x0000acaf   Thumb Code     0  stack_rom_symbol.txt ABSOLUTE
    llm_ral_dev_rm                           0x0000adad   Thumb Code     0  stack_rom_symbol.txt ABSOLUTE
    llm_ral_get_rpa                          0x0000ade3   Thumb Code     0  stack_rom_symbol.txt ABSOLUTE
    llm_ral_set_timeout                      0x0000ae5d   Thumb Code     0  stack_rom_symbol.txt ABSOLUTE
    hci_command_handler                      0x0000b5bb   Thumb Code     0  stack_rom_symbol.txt ABSOLUTE
    llm_util_bd_addr_wl_position             0x0000b6b9   Thumb Code     0  stack_rom_symbol.txt ABSOLUTE
    llm_util_bl_check                        0x0000b72b   Thumb Code     0  stack_rom_symbol.txt ABSOLUTE
    llm_util_bd_addr_in_wl                   0x0000b795   Thumb Code     0  stack_rom_symbol.txt ABSOLUTE
    llm_util_check_address_validity          0x0000b7e3   Thumb Code     0  stack_rom_symbol.txt ABSOLUTE
    llm_util_check_map_validity              0x0000b7f3   Thumb Code     0  stack_rom_symbol.txt ABSOLUTE
    llm_util_apply_bd_addr                   0x0000b843   Thumb Code     0  stack_rom_symbol.txt ABSOLUTE
    llm_util_set_public_addr                 0x0000b861   Thumb Code     0  stack_rom_symbol.txt ABSOLUTE
    llm_util_check_evt_mask                  0x0000b871   Thumb Code     0  stack_rom_symbol.txt ABSOLUTE
    llm_util_get_channel_map                 0x0000b891   Thumb Code     0  stack_rom_symbol.txt ABSOLUTE
    llm_util_get_supp_features               0x0000b893   Thumb Code     0  stack_rom_symbol.txt ABSOLUTE
    llm_util_adv_data_update                 0x0000b89f   Thumb Code     0  stack_rom_symbol.txt ABSOLUTE
    llm_util_bd_addr_in_ral                  0x0000b8db   Thumb Code     0  stack_rom_symbol.txt ABSOLUTE
    llm_util_bl_add                          0x0000b949   Thumb Code     0  stack_rom_symbol.txt ABSOLUTE
    llm_util_bl_rem                          0x0000b9cd   Thumb Code     0  stack_rom_symbol.txt ABSOLUTE
    llm_end_evt_defer                        0x0000ba2f   Thumb Code     0  stack_rom_symbol.txt ABSOLUTE
    llm_pdu_defer                            0x0000baf7   Thumb Code     0  stack_rom_symbol.txt ABSOLUTE
    ea_elt_cancel                            0x0000bc19   Thumb Code     0  stack_rom_symbol.txt ABSOLUTE
    ea_time_get_slot_rounded                 0x0000bd15   Thumb Code     0  stack_rom_symbol.txt ABSOLUTE
    ea_init                                  0x0000bdf3   Thumb Code     0  stack_rom_symbol.txt ABSOLUTE
    ea_elt_create                            0x0000be17   Thumb Code     0  stack_rom_symbol.txt ABSOLUTE
    ea_time_get_halfslot_rounded             0x0000be31   Thumb Code     0  stack_rom_symbol.txt ABSOLUTE
    ea_elt_insert                            0x0000be5b   Thumb Code     0  stack_rom_symbol.txt ABSOLUTE
    ea_elt_remove                            0x0000c0a7   Thumb Code     0  stack_rom_symbol.txt ABSOLUTE
    ea_interval_create                       0x0000c111   Thumb Code     0  stack_rom_symbol.txt ABSOLUTE
    ea_interval_insert                       0x0000c127   Thumb Code     0  stack_rom_symbol.txt ABSOLUTE
    ea_interval_remove                       0x0000c135   Thumb Code     0  stack_rom_symbol.txt ABSOLUTE
    ea_interval_delete                       0x0000c145   Thumb Code     0  stack_rom_symbol.txt ABSOLUTE
    ea_finetimer_isr                         0x0000c15f   Thumb Code     0  stack_rom_symbol.txt ABSOLUTE
    ea_sw_isr                                0x0000c233   Thumb Code     0  stack_rom_symbol.txt ABSOLUTE
    ea_offset_req                            0x0000c253   Thumb Code     0  stack_rom_symbol.txt ABSOLUTE
    ea_timer_target_get                      0x0000c40b   Thumb Code     0  stack_rom_symbol.txt ABSOLUTE
    ea_sleep_check                           0x0000c427   Thumb Code     0  stack_rom_symbol.txt ABSOLUTE
    ea_interval_duration_req                 0x0000c475   Thumb Code     0  stack_rom_symbol.txt ABSOLUTE
    gapc_update_state                        0x0000c591   Thumb Code     0  stack_rom_symbol.txt ABSOLUTE
    gapc_get_requester                       0x0000c5c1   Thumb Code     0  stack_rom_symbol.txt ABSOLUTE
    gapc_send_complete_evt                   0x0000c5dd   Thumb Code     0  stack_rom_symbol.txt ABSOLUTE
    gapc_init                                0x0000c6a7   Thumb Code     0  stack_rom_symbol.txt ABSOLUTE
    gapc_con_create                          0x0000c6d9   Thumb Code     0  stack_rom_symbol.txt ABSOLUTE
    gapc_con_cleanup                         0x0000c7ed   Thumb Code     0  stack_rom_symbol.txt ABSOLUTE
    gapc_send_disconect_ind                  0x0000c7fd   Thumb Code     0  stack_rom_symbol.txt ABSOLUTE
    gapc_get_conidx                          0x0000c81f   Thumb Code     0  stack_rom_symbol.txt ABSOLUTE
    gapc_get_conhdl                          0x0000c845   Thumb Code     0  stack_rom_symbol.txt ABSOLUTE
    gapc_get_role                            0x0000c859   Thumb Code     0  stack_rom_symbol.txt ABSOLUTE
    gapc_get_bdaddr                          0x0000c875   Thumb Code     0  stack_rom_symbol.txt ABSOLUTE
    gapc_get_csrk                            0x0000c895   Thumb Code     0  stack_rom_symbol.txt ABSOLUTE
    gapc_get_sign_counter                    0x0000c8b3   Thumb Code     0  stack_rom_symbol.txt ABSOLUTE
    gapc_send_error_evt                      0x0000c8d1   Thumb Code     0  stack_rom_symbol.txt ABSOLUTE
    gapc_get_operation                       0x0000c8f3   Thumb Code     0  stack_rom_symbol.txt ABSOLUTE
    gapc_get_operation_ptr                   0x0000c909   Thumb Code     0  stack_rom_symbol.txt ABSOLUTE
    gapc_set_operation_ptr                   0x0000c915   Thumb Code     0  stack_rom_symbol.txt ABSOLUTE
    gapc_reschedule_operation                0x0000c921   Thumb Code     0  stack_rom_symbol.txt ABSOLUTE
    gapc_is_sec_set                          0x0000c963   Thumb Code     0  stack_rom_symbol.txt ABSOLUTE
    gapc_lk_sec_lvl_get                      0x0000c997   Thumb Code     0  stack_rom_symbol.txt ABSOLUTE
    gapc_enc_keysize_get                     0x0000c9b1   Thumb Code     0  stack_rom_symbol.txt ABSOLUTE
    gapc_enc_keysize_set                     0x0000c9c9   Thumb Code     0  stack_rom_symbol.txt ABSOLUTE
    gapc_link_encrypted                      0x0000c9dd   Thumb Code     0  stack_rom_symbol.txt ABSOLUTE
    gapc_auth_set                            0x0000c9f5   Thumb Code     0  stack_rom_symbol.txt ABSOLUTE
    gapc_auth_get                            0x0000ca3d   Thumb Code     0  stack_rom_symbol.txt ABSOLUTE
    gapc_svc_chg_ccc_get                     0x0000ca6d   Thumb Code     0  stack_rom_symbol.txt ABSOLUTE
    gapc_svc_chg_ccc_set                     0x0000ca7d   Thumb Code     0  stack_rom_symbol.txt ABSOLUTE
    gapc_param_update_sanity                 0x0000ca93   Thumb Code     0  stack_rom_symbol.txt ABSOLUTE
    gapc_hci_handler                         0x0000d041   Thumb Code     0  stack_rom_symbol.txt ABSOLUTE
    gapc_sig_pdu_recv_handler                0x0000d149   Thumb Code     0  stack_rom_symbol.txt ABSOLUTE
    gapc_process_op                          0x0000d185   Thumb Code     0  stack_rom_symbol.txt ABSOLUTE
    gapm_update_state                        0x0000df85   Thumb Code     0  stack_rom_symbol.txt ABSOLUTE
    gapm_le_psm_cleanup                      0x0000dfe9   Thumb Code     0  stack_rom_symbol.txt ABSOLUTE
    gapm_init                                0x0000e003   Thumb Code     0  stack_rom_symbol.txt ABSOLUTE
    gapm_init_attr                           0x0000e077   Thumb Code     0  stack_rom_symbol.txt ABSOLUTE
    gapm_get_operation                       0x0000e0a3   Thumb Code     0  stack_rom_symbol.txt ABSOLUTE
    gapm_get_requester                       0x0000e0b5   Thumb Code     0  stack_rom_symbol.txt ABSOLUTE
    gapm_reschedule_operation                0x0000e0cd   Thumb Code     0  stack_rom_symbol.txt ABSOLUTE
    gapm_send_complete_evt                   0x0000e0ef   Thumb Code     0  stack_rom_symbol.txt ABSOLUTE
    gapm_send_error_evt                      0x0000e125   Thumb Code     0  stack_rom_symbol.txt ABSOLUTE
    gapm_get_address_type                    0x0000e145   Thumb Code     0  stack_rom_symbol.txt ABSOLUTE
    gapm_con_create                          0x0000e14f   Thumb Code     0  stack_rom_symbol.txt ABSOLUTE
    gapm_con_enable                          0x0000e1bb   Thumb Code     0  stack_rom_symbol.txt ABSOLUTE
    gapm_con_cleanup                         0x0000e1c7   Thumb Code     0  stack_rom_symbol.txt ABSOLUTE
    gapm_get_id_from_task                    0x0000e1fb   Thumb Code     0  stack_rom_symbol.txt ABSOLUTE
    gapm_get_task_from_id                    0x0000e24b   Thumb Code     0  stack_rom_symbol.txt ABSOLUTE
    gapm_is_disc_connection                  0x0000e293   Thumb Code     0  stack_rom_symbol.txt ABSOLUTE
    gapm_get_max_mtu                         0x0000e2b9   Thumb Code     0  stack_rom_symbol.txt ABSOLUTE
    gapm_get_max_mps                         0x0000e2bf   Thumb Code     0  stack_rom_symbol.txt ABSOLUTE
    gapm_set_max_mtu                         0x0000e2c5   Thumb Code     0  stack_rom_symbol.txt ABSOLUTE
    gapm_set_max_mps                         0x0000e2df   Thumb Code     0  stack_rom_symbol.txt ABSOLUTE
    gapm_addr_check                          0x0000e2f5   Thumb Code     0  stack_rom_symbol.txt ABSOLUTE
    gapm_dle_val_check                       0x0000e311   Thumb Code     0  stack_rom_symbol.txt ABSOLUTE
    gapm_is_legacy_pairing_supp              0x0000e32d   Thumb Code     0  stack_rom_symbol.txt ABSOLUTE
    gapm_is_sec_con_pairing_supp             0x0000e337   Thumb Code     0  stack_rom_symbol.txt ABSOLUTE
    gapm_le_psm_find                         0x0000e341   Thumb Code     0  stack_rom_symbol.txt ABSOLUTE
    gapm_le_psm_get_info                     0x0000e357   Thumb Code     0  stack_rom_symbol.txt ABSOLUTE
    gapm_lecb_register                       0x0000e387   Thumb Code     0  stack_rom_symbol.txt ABSOLUTE
    gapm_lecb_unregister                     0x0000e3d3   Thumb Code     0  stack_rom_symbol.txt ABSOLUTE
    gapm_is_embedded_host                    0x0000e3f3   Thumb Code     0  stack_rom_symbol.txt ABSOLUTE
    gapm_set_embedded_host                   0x0000e3fb   Thumb Code     0  stack_rom_symbol.txt ABSOLUTE
    gapm_is_pref_con_param_pres              0x0000e403   Thumb Code     0  stack_rom_symbol.txt ABSOLUTE
    gapm_get_att_handle                      0x0000e40f   Thumb Code     0  stack_rom_symbol.txt ABSOLUTE
    gapm_svc_chg_en                          0x0000e439   Thumb Code     0  stack_rom_symbol.txt ABSOLUTE
    gapm_dbg_mode_en                         0x0000e445   Thumb Code     0  stack_rom_symbol.txt ABSOLUTE
    gapm_set_svc_start_hdl                   0x0000e44f   Thumb Code     0  stack_rom_symbol.txt ABSOLUTE
    gapm_hci_handler                         0x0000ed01   Thumb Code     0  stack_rom_symbol.txt ABSOLUTE
    gapm_adv_op_sanity                       0x0000f75f   Thumb Code     0  stack_rom_symbol.txt ABSOLUTE
    gapm_set_adv_mode                        0x0000f8ed   Thumb Code     0  stack_rom_symbol.txt ABSOLUTE
    gapm_set_adv_data                        0x0000f905   Thumb Code     0  stack_rom_symbol.txt ABSOLUTE
    gapm_get_local_addrtype                  0x0000f92f   Thumb Code     0  stack_rom_symbol.txt ABSOLUTE
    gapm_execute_adv_op                      0x0000f94f   Thumb Code     0  stack_rom_symbol.txt ABSOLUTE
    gapm_get_role                            0x0000fb17   Thumb Code     0  stack_rom_symbol.txt ABSOLUTE
    gapm_update_air_op_state                 0x0000fb1d   Thumb Code     0  stack_rom_symbol.txt ABSOLUTE
    gapm_get_irk                             0x0000fbd1   Thumb Code     0  stack_rom_symbol.txt ABSOLUTE
    gapm_get_bdaddr                          0x0000fbd5   Thumb Code     0  stack_rom_symbol.txt ABSOLUTE
    gapm_basic_hci_cmd_send                  0x0000fbdb   Thumb Code     0  stack_rom_symbol.txt ABSOLUTE
    gapm_setup_conn                          0x0000fbef   Thumb Code     0  stack_rom_symbol.txt ABSOLUTE
    gapm_get_adv_mode                        0x0000fc4b   Thumb Code     0  stack_rom_symbol.txt ABSOLUTE
    gapm_op_reset_continue                   0x0000fc67   Thumb Code     0  stack_rom_symbol.txt ABSOLUTE
    gapm_op_setup_continue                   0x0000fced   Thumb Code     0  stack_rom_symbol.txt ABSOLUTE
    smpc_send_use_enc_block_cmd              0x0000fea9   Thumb Code     0  stack_rom_symbol.txt ABSOLUTE
    smpc_send_start_enc_cmd                  0x0000fee1   Thumb Code     0  stack_rom_symbol.txt ABSOLUTE
    smpc_send_ltk_req_rsp                    0x0000ff51   Thumb Code     0  stack_rom_symbol.txt ABSOLUTE
    smpc_send_pairing_req_ind                0x0000ffad   Thumb Code     0  stack_rom_symbol.txt ABSOLUTE
    smpc_send_pairing_ind                    0x0001005f   Thumb Code     0  stack_rom_symbol.txt ABSOLUTE
    smpc_check_pairing_feat                  0x000100e9   Thumb Code     0  stack_rom_symbol.txt ABSOLUTE
    smpc_launch_rep_att_timer                0x0001010f   Thumb Code     0  stack_rom_symbol.txt ABSOLUTE
    smpc_check_repeated_attempts             0x00010149   Thumb Code     0  stack_rom_symbol.txt ABSOLUTE
    smpc_check_max_key_size                  0x0001019b   Thumb Code     0  stack_rom_symbol.txt ABSOLUTE
    smpc_check_key_distrib                   0x000101c3   Thumb Code     0  stack_rom_symbol.txt ABSOLUTE
    smpc_xor                                 0x00010249   Thumb Code     0  stack_rom_symbol.txt ABSOLUTE
    smpc_generate_l                          0x00010261   Thumb Code     0  stack_rom_symbol.txt ABSOLUTE
    smpc_generate_ci                         0x000102c9   Thumb Code     0  stack_rom_symbol.txt ABSOLUTE
    smpc_generate_rand                       0x00010329   Thumb Code     0  stack_rom_symbol.txt ABSOLUTE
    smpc_generate_e1                         0x0001034f   Thumb Code     0  stack_rom_symbol.txt ABSOLUTE
    smpc_generate_cfm                        0x0001040d   Thumb Code     0  stack_rom_symbol.txt ABSOLUTE
    smpc_generate_stk                        0x00010487   Thumb Code     0  stack_rom_symbol.txt ABSOLUTE
    smpc_calc_subkeys                        0x000104dd   Thumb Code     0  stack_rom_symbol.txt ABSOLUTE
    smpc_clear_timeout_timer                 0x00010553   Thumb Code     0  stack_rom_symbol.txt ABSOLUTE
    smpc_pairing_end                         0x0001057b   Thumb Code     0  stack_rom_symbol.txt ABSOLUTE
    smpc_tkdp_rcp_continue                   0x000105e3   Thumb Code     0  stack_rom_symbol.txt ABSOLUTE
    smpc_tkdp_rcp_start                      0x00010673   Thumb Code     0  stack_rom_symbol.txt ABSOLUTE
    smpc_pdu_send                            0x000106a3   Thumb Code     0  stack_rom_symbol.txt ABSOLUTE
    smpc_tkdp_send_continue                  0x00010737   Thumb Code     0  stack_rom_symbol.txt ABSOLUTE
    smpc_tkdp_send_start                     0x00010801   Thumb Code     0  stack_rom_symbol.txt ABSOLUTE
    smpc_get_key_sec_prop                    0x00010831   Thumb Code     0  stack_rom_symbol.txt ABSOLUTE
    smpc_is_sec_mode_reached                 0x000108a9   Thumb Code     0  stack_rom_symbol.txt ABSOLUTE
    smpc_handle_enc_change_evt               0x000108d3   Thumb Code     0  stack_rom_symbol.txt ABSOLUTE
    smpc_pdu_recv                            0x00010963   Thumb Code     0  stack_rom_symbol.txt ABSOLUTE
    smpc_pairing_tk_exch                     0x000109d1   Thumb Code     0  stack_rom_symbol.txt ABSOLUTE
    smpc_pairing_ltk_exch                    0x00010a35   Thumb Code     0  stack_rom_symbol.txt ABSOLUTE
    smpc_pairing_irk_exch                    0x00010a9b   Thumb Code     0  stack_rom_symbol.txt ABSOLUTE
    smpc_pairing_csrk_exch                   0x00010ad7   Thumb Code     0  stack_rom_symbol.txt ABSOLUTE
    smpc_pairing_rsp                         0x00010b1b   Thumb Code     0  stack_rom_symbol.txt ABSOLUTE
    smpc_pairing_req_handler                 0x00010bff   Thumb Code     0  stack_rom_symbol.txt ABSOLUTE
    smpc_security_req_send                   0x00010c33   Thumb Code     0  stack_rom_symbol.txt ABSOLUTE
    smpc_encrypt_start_handler               0x00010c85   Thumb Code     0  stack_rom_symbol.txt ABSOLUTE
    smpc_encrypt_cfm                         0x00010cb1   Thumb Code     0  stack_rom_symbol.txt ABSOLUTE
    smpc_sign_command                        0x00010cdd   Thumb Code     0  stack_rom_symbol.txt ABSOLUTE
    smpc_sign_cont                           0x00010da7   Thumb Code     0  stack_rom_symbol.txt ABSOLUTE
    smpc_calc_confirm_cont                   0x00010f55   Thumb Code     0  stack_rom_symbol.txt ABSOLUTE
    smpc_confirm_gen_rand                    0x00011031   Thumb Code     0  stack_rom_symbol.txt ABSOLUTE
    smpc_key_press_notification_ind          0x0001107f   Thumb Code     0  stack_rom_symbol.txt ABSOLUTE
    smpc_check_param                         0x000110a5   Thumb Code     0  stack_rom_symbol.txt ABSOLUTE
    smpm_gen_rand_addr                       0x0001144d   Thumb Code     0  stack_rom_symbol.txt ABSOLUTE
    smpm_send_encrypt_req                    0x00011469   Thumb Code     0  stack_rom_symbol.txt ABSOLUTE
    smpm_resolv_addr                         0x00011497   Thumb Code     0  stack_rom_symbol.txt ABSOLUTE
    smpm_use_enc_block                       0x000114b9   Thumb Code     0  stack_rom_symbol.txt ABSOLUTE
    smpm_gen_rand_nb                         0x000114bb   Thumb Code     0  stack_rom_symbol.txt ABSOLUTE
    attc_send_att_req                        0x000114e1   Thumb Code     0  stack_rom_symbol.txt ABSOLUTE
    attc_send_hdl_cfm                        0x0001150b   Thumb Code     0  stack_rom_symbol.txt ABSOLUTE
    attc_send_execute                        0x0001152b   Thumb Code     0  stack_rom_symbol.txt ABSOLUTE
    attc_send_read_ind                       0x0001154f   Thumb Code     0  stack_rom_symbol.txt ABSOLUTE
    attc_l2cc_pdu_recv_handler               0x00011ecb   Thumb Code     0  stack_rom_symbol.txt ABSOLUTE
    attm_convert_to128                       0x00011f21   Thumb Code     0  stack_rom_symbol.txt ABSOLUTE
    attm_uuid_comp                           0x00011f51   Thumb Code     0  stack_rom_symbol.txt ABSOLUTE
    attm_uuid16_comp                         0x00011fa9   Thumb Code     0  stack_rom_symbol.txt ABSOLUTE
    attm_is_bt16_uuid                        0x00011fb5   Thumb Code     0  stack_rom_symbol.txt ABSOLUTE
    attm_is_bt32_uuid                        0x00011fdb   Thumb Code     0  stack_rom_symbol.txt ABSOLUTE
    attm_convert_to128_ti                    0x00012003   Thumb Code     0  stack_rom_symbol.txt ABSOLUTE
    attm_svc_create_db                       0x00012033   Thumb Code     0  stack_rom_symbol.txt ABSOLUTE
    attm_svc_create_db_128                   0x00012133   Thumb Code     0  stack_rom_symbol.txt ABSOLUTE
    attm_svc_create_db128                    0x0001225f   Thumb Code     0  stack_rom_symbol.txt ABSOLUTE
    attm_reserve_handle_range                0x0001239d   Thumb Code     0  stack_rom_symbol.txt ABSOLUTE
    attm_att_set_value                       0x000123bf   Thumb Code     0  stack_rom_symbol.txt ABSOLUTE
    attm_get_value                           0x00012471   Thumb Code     0  stack_rom_symbol.txt ABSOLUTE
    attm_att_set_permission                  0x000125d9   Thumb Code     0  stack_rom_symbol.txt ABSOLUTE
    attm_att_update_perm                     0x0001264f   Thumb Code     0  stack_rom_symbol.txt ABSOLUTE
    attm_svc_set_permission                  0x000126bd   Thumb Code     0  stack_rom_symbol.txt ABSOLUTE
    attm_svc_get_permission                  0x000126e1   Thumb Code     0  stack_rom_symbol.txt ABSOLUTE
    attm_init                                0x000126ff   Thumb Code     0  stack_rom_symbol.txt ABSOLUTE
    attmdb_svc_check_hdl                     0x00012a17   Thumb Code     0  stack_rom_symbol.txt ABSOLUTE
    attmdb_add_service                       0x00012a67   Thumb Code     0  stack_rom_symbol.txt ABSOLUTE
    attmdb_destroy                           0x00012add   Thumb Code     0  stack_rom_symbol.txt ABSOLUTE
    attmdb_get_service                       0x00012af7   Thumb Code     0  stack_rom_symbol.txt ABSOLUTE
    attmdb_get_attribute                     0x00012b35   Thumb Code     0  stack_rom_symbol.txt ABSOLUTE
    attmdb_get_next_att                      0x00012b69   Thumb Code     0  stack_rom_symbol.txt ABSOLUTE
    attmdb_uuid16_comp                       0x00012bdf   Thumb Code     0  stack_rom_symbol.txt ABSOLUTE
    attmdb_get_max_len                       0x00012c1d   Thumb Code     0  stack_rom_symbol.txt ABSOLUTE
    attmdb_get_uuid                          0x00012c87   Thumb Code     0  stack_rom_symbol.txt ABSOLUTE
    attmdb_att_get_permission                0x00012d5d   Thumb Code     0  stack_rom_symbol.txt ABSOLUTE
    attmdb_get_nb_svc                        0x00012e6b   Thumb Code     0  stack_rom_symbol.txt ABSOLUTE
    attmdb_get_svc_info                      0x00012e81   Thumb Code     0  stack_rom_symbol.txt ABSOLUTE
    atts_clear_read_cache                    0x00012f5d   Thumb Code     0  stack_rom_symbol.txt ABSOLUTE
    atts_send_error                          0x000130bf   Thumb Code     0  stack_rom_symbol.txt ABSOLUTE
    atts_write_signed_cfm                    0x000130e3   Thumb Code     0  stack_rom_symbol.txt ABSOLUTE
    atts_send_event                          0x00013125   Thumb Code     0  stack_rom_symbol.txt ABSOLUTE
    atts_clear_prep_data                     0x000131b1   Thumb Code     0  stack_rom_symbol.txt ABSOLUTE
    atts_clear_rsp_data                      0x000131cd   Thumb Code     0  stack_rom_symbol.txt ABSOLUTE
    atts_write_rsp_send                      0x000131e9   Thumb Code     0  stack_rom_symbol.txt ABSOLUTE
    atts_process_pdu                         0x00013e83   Thumb Code     0  stack_rom_symbol.txt ABSOLUTE
    atts_l2cc_pdu_recv_handler               0x00013ee9   Thumb Code     0  stack_rom_symbol.txt ABSOLUTE
    gattc_update_state                       0x0001412f   Thumb Code     0  stack_rom_symbol.txt ABSOLUTE
    gattc_get_requester                      0x00014153   Thumb Code     0  stack_rom_symbol.txt ABSOLUTE
    gattc_send_complete_evt                  0x0001416f   Thumb Code     0  stack_rom_symbol.txt ABSOLUTE
    gattc_cleanup                            0x000141cd   Thumb Code     0  stack_rom_symbol.txt ABSOLUTE
    gattc_init                               0x00014267   Thumb Code     0  stack_rom_symbol.txt ABSOLUTE
    gattc_create                             0x0001429b   Thumb Code     0  stack_rom_symbol.txt ABSOLUTE
    gattc_con_enable                         0x0001430f   Thumb Code     0  stack_rom_symbol.txt ABSOLUTE
    gattc_get_mtu                            0x00014323   Thumb Code     0  stack_rom_symbol.txt ABSOLUTE
    gattc_set_mtu                            0x0001432f   Thumb Code     0  stack_rom_symbol.txt ABSOLUTE
    gattc_send_error_evt                     0x0001436d   Thumb Code     0  stack_rom_symbol.txt ABSOLUTE
    gattc_get_operation                      0x00014393   Thumb Code     0  stack_rom_symbol.txt ABSOLUTE
    gattc_get_op_seq_num                     0x000143a9   Thumb Code     0  stack_rom_symbol.txt ABSOLUTE
    gattc_get_operation_ptr                  0x000143bf   Thumb Code     0  stack_rom_symbol.txt ABSOLUTE
    gattc_set_operation_ptr                  0x000143cb   Thumb Code     0  stack_rom_symbol.txt ABSOLUTE
    gattc_reschedule_operation               0x000143d7   Thumb Code     0  stack_rom_symbol.txt ABSOLUTE
    gattm_svc_get_start_hdl                  0x00015301   Thumb Code     0  stack_rom_symbol.txt ABSOLUTE
    gattm_init                               0x00015307   Thumb Code     0  stack_rom_symbol.txt ABSOLUTE
    gattm_init_attr                          0x00015325   Thumb Code     0  stack_rom_symbol.txt ABSOLUTE
    gattm_create                             0x0001538d   Thumb Code     0  stack_rom_symbol.txt ABSOLUTE
    gattm_cleanup                            0x00015395   Thumb Code     0  stack_rom_symbol.txt ABSOLUTE
    l2cc_send_error_evt                      0x000153b1   Thumb Code     0  stack_rom_symbol.txt ABSOLUTE
    l2cc_update_state                        0x000153d9   Thumb Code     0  stack_rom_symbol.txt ABSOLUTE
    l2cc_send_complete_evt                   0x000153ff   Thumb Code     0  stack_rom_symbol.txt ABSOLUTE
    l2cc_cleanup                             0x00015451   Thumb Code     0  stack_rom_symbol.txt ABSOLUTE
    l2cc_init                                0x00015521   Thumb Code     0  stack_rom_symbol.txt ABSOLUTE
    l2cc_create                              0x00015557   Thumb Code     0  stack_rom_symbol.txt ABSOLUTE
    l2cc_get_operation                       0x00015599   Thumb Code     0  stack_rom_symbol.txt ABSOLUTE
    l2cc_get_operation_ptr                   0x000155ad   Thumb Code     0  stack_rom_symbol.txt ABSOLUTE
    l2cc_set_operation_ptr                   0x000155b9   Thumb Code     0  stack_rom_symbol.txt ABSOLUTE
    l2cc_data_send                           0x000155c5   Thumb Code     0  stack_rom_symbol.txt ABSOLUTE
    l2cc_lecb_h2l_err                        0x000158a1   Thumb Code     0  stack_rom_symbol.txt ABSOLUTE
    l2cc_lecb_find                           0x000158db   Thumb Code     0  stack_rom_symbol.txt ABSOLUTE
    l2cc_lecb_free                           0x00015917   Thumb Code     0  stack_rom_symbol.txt ABSOLUTE
    l2cc_lecb_init_disconnect                0x000159cf   Thumb Code     0  stack_rom_symbol.txt ABSOLUTE
    l2cc_lecb_send_con_req                   0x000159ff   Thumb Code     0  stack_rom_symbol.txt ABSOLUTE
    l2cc_lecb_send_con_rsp                   0x00015a3b   Thumb Code     0  stack_rom_symbol.txt ABSOLUTE
    l2cc_lecb_send_disc_req                  0x00015a6b   Thumb Code     0  stack_rom_symbol.txt ABSOLUTE
    l2cc_lecb_send_disc_rsp                  0x00015a9b   Thumb Code     0  stack_rom_symbol.txt ABSOLUTE
    l2cc_lecb_send_credit_add                0x00015abf   Thumb Code     0  stack_rom_symbol.txt ABSOLUTE
    l2cc_lecb_pdu_pack                       0x00015af1   Thumb Code     0  stack_rom_symbol.txt ABSOLUTE
    l2cc_lecb_pdu_unpack                     0x00015b55   Thumb Code     0  stack_rom_symbol.txt ABSOLUTE
    l2cc_dbg_pdu_pack                        0x00015ba7   Thumb Code     0  stack_rom_symbol.txt ABSOLUTE
    l2cc_dbg_pdu_unpack                      0x00015bef   Thumb Code     0  stack_rom_symbol.txt ABSOLUTE
    l2cc_pdu_pack                            0x00015c19   Thumb Code     0  stack_rom_symbol.txt ABSOLUTE
    l2cc_pdu_unpack                          0x00015e89   Thumb Code     0  stack_rom_symbol.txt ABSOLUTE
    l2cc_pdu_header_check                    0x000160ed   Thumb Code     0  stack_rom_symbol.txt ABSOLUTE
    l2cc_sig_send_cmd_reject                 0x000163bd   Thumb Code     0  stack_rom_symbol.txt ABSOLUTE
    l2cc_sig_pdu_recv_handler                0x0001689d   Thumb Code     0  stack_rom_symbol.txt ABSOLUTE
    l2cc_process_op                          0x000168ed   Thumb Code     0  stack_rom_symbol.txt ABSOLUTE
    l2cc_pdu_alloc                           0x00017035   Thumb Code     0  stack_rom_symbol.txt ABSOLUTE
    l2cc_pdu_send                            0x0001705f   Thumb Code     0  stack_rom_symbol.txt ABSOLUTE
    l2cm_init                                0x000170c3   Thumb Code     0  stack_rom_symbol.txt ABSOLUTE
    l2cm_create                              0x000170e9   Thumb Code     0  stack_rom_symbol.txt ABSOLUTE
    l2cm_cleanup                             0x000170f1   Thumb Code     0  stack_rom_symbol.txt ABSOLUTE
    l2cm_set_link_layer_buff_size            0x000170fb   Thumb Code     0  stack_rom_symbol.txt ABSOLUTE
    l2cm_get_nb_buffer_available             0x00017105   Thumb Code     0  stack_rom_symbol.txt ABSOLUTE
    l2cm_tx_status                           0x00017111   Thumb Code     0  stack_rom_symbol.txt ABSOLUTE
    hci_evt_mask_set                         0x00017145   Thumb Code     0  stack_rom_symbol.txt ABSOLUTE
    hci_init                                 0x0001718f   Thumb Code     0  stack_rom_symbol.txt ABSOLUTE
    hci_reset                                0x000171b1   Thumb Code     0  stack_rom_symbol.txt ABSOLUTE
    hci_send_2_host                          0x000171d3   Thumb Code     0  stack_rom_symbol.txt ABSOLUTE
    hci_send_2_controller                    0x0001726b   Thumb Code     0  stack_rom_symbol.txt ABSOLUTE
    hci_fc_init                              0x00017335   Thumb Code     0  stack_rom_symbol.txt ABSOLUTE
    hci_fc_acl_buf_size_set                  0x00017341   Thumb Code     0  stack_rom_symbol.txt ABSOLUTE
    hci_fc_acl_en                            0x00017361   Thumb Code     0  stack_rom_symbol.txt ABSOLUTE
    hci_fc_acl_packet_sent                   0x00017389   Thumb Code     0  stack_rom_symbol.txt ABSOLUTE
    hci_fc_host_nb_acl_pkts_complete         0x00017399   Thumb Code     0  stack_rom_symbol.txt ABSOLUTE
    hci_fc_check_host_available_nb_acl_packets 0x000173ab   Thumb Code     0  stack_rom_symbol.txt ABSOLUTE
    hci_dbg_wr_mem_cmd_upk                   0x000176d7   Thumb Code     0  stack_rom_symbol.txt ABSOLUTE
    hci_dbg_wr_flash_cmd_upk                 0x0001775b   Thumb Code     0  stack_rom_symbol.txt ABSOLUTE
    hci_dbg_wr_par_cmd_upk                   0x000177e1   Thumb Code     0  stack_rom_symbol.txt ABSOLUTE
    hci_dbg_rd_data_cmd_cmp_evt_pk           0x0001784b   Thumb Code     0  stack_rom_symbol.txt ABSOLUTE
    hci_dbg_assert_err_evt_pkupk             0x000178b3   Thumb Code     0  stack_rom_symbol.txt ABSOLUTE
    hci_look_for_cmd_desc                    0x00017957   Thumb Code     0  stack_rom_symbol.txt ABSOLUTE
    hci_look_for_evt_desc                    0x000179a7   Thumb Code     0  stack_rom_symbol.txt ABSOLUTE
    hci_look_for_dbg_evt_desc                0x000179cd   Thumb Code     0  stack_rom_symbol.txt ABSOLUTE
    hci_look_for_le_evt_desc                 0x000179f1   Thumb Code     0  stack_rom_symbol.txt ABSOLUTE
    hci_tl_send                              0x00017cb9   Thumb Code     0  stack_rom_symbol.txt ABSOLUTE
    hci_tl_init                              0x00017d03   Thumb Code     0  stack_rom_symbol.txt ABSOLUTE
    hci_cmd_get_max_param_size               0x00017d2d   Thumb Code     0  stack_rom_symbol.txt ABSOLUTE
    hci_cmd_received                         0x00017d3f   Thumb Code     0  stack_rom_symbol.txt ABSOLUTE
    hci_acl_tx_data_alloc                    0x00017e63   Thumb Code     0  stack_rom_symbol.txt ABSOLUTE
    hci_acl_tx_data_received                 0x00017ed7   Thumb Code     0  stack_rom_symbol.txt ABSOLUTE
    hci_util_pack                            0x00017fcd   Thumb Code     0  stack_rom_symbol.txt ABSOLUTE
    hci_util_unpack                          0x000180cd   Thumb Code     0  stack_rom_symbol.txt ABSOLUTE
    ahi_init                                 0x0001824f   Thumb Code     0  stack_rom_symbol.txt ABSOLUTE
    ahi_send_msg                             0x00018271   Thumb Code     0  stack_rom_symbol.txt ABSOLUTE
    h4tl_init                                0x000186b3   Thumb Code     0  stack_rom_symbol.txt ABSOLUTE
    h4tl_write                               0x000186f1   Thumb Code     0  stack_rom_symbol.txt ABSOLUTE
    h4tl_start                               0x00018765   Thumb Code     0  stack_rom_symbol.txt ABSOLUTE
    h4tl_stop                                0x0001877f   Thumb Code     0  stack_rom_symbol.txt ABSOLUTE
    __aeabi_uidiv                            0x00018809   Thumb Code     0  stack_rom_symbol.txt ABSOLUTE
    __aeabi_uidivmod                         0x00018809   Thumb Code     0  stack_rom_symbol.txt ABSOLUTE
    __aeabi_idiv                             0x00018835   Thumb Code     0  stack_rom_symbol.txt ABSOLUTE
    __aeabi_idivmod                          0x00018835   Thumb Code     0  stack_rom_symbol.txt ABSOLUTE
    rand                                     0x0001885d   Thumb Code     0  stack_rom_symbol.txt ABSOLUTE
    srand                                    0x0001886f   Thumb Code     0  stack_rom_symbol.txt ABSOLUTE
    __aeabi_memcpy                           0x00018881   Thumb Code     0  stack_rom_symbol.txt ABSOLUTE
    __aeabi_memcpy4                          0x00018881   Thumb Code     0  stack_rom_symbol.txt ABSOLUTE
    __aeabi_memcpy8                          0x00018881   Thumb Code     0  stack_rom_symbol.txt ABSOLUTE
    __aeabi_memset                           0x000188a5   Thumb Code     0  stack_rom_symbol.txt ABSOLUTE
    __aeabi_memset4                          0x000188a5   Thumb Code     0  stack_rom_symbol.txt ABSOLUTE
    __aeabi_memset8                          0x000188a5   Thumb Code     0  stack_rom_symbol.txt ABSOLUTE
    __aeabi_memclr                           0x000188b5   Thumb Code     0  stack_rom_symbol.txt ABSOLUTE
    __aeabi_memclr4                          0x000188b5   Thumb Code     0  stack_rom_symbol.txt ABSOLUTE
    __aeabi_memclr8                          0x000188b5   Thumb Code     0  stack_rom_symbol.txt ABSOLUTE
    _memset$wrapper                          0x000188b9   Thumb Code     0  stack_rom_symbol.txt ABSOLUTE
    strlen                                   0x000188cb   Thumb Code     0  stack_rom_symbol.txt ABSOLUTE
    memcmp                                   0x000188d9   Thumb Code     0  stack_rom_symbol.txt ABSOLUTE
    __ARM_clz                                0x000188f4   ARM Code       0  stack_rom_symbol.txt ABSOLUTE
    __ARM_common_disable_fiq                 0x000188fc   ARM Code       0  stack_rom_symbol.txt ABSOLUTE
    __ARM_common_disable_irq                 0x00018910   ARM Code       0  stack_rom_symbol.txt ABSOLUTE
    __ARM_common_enable_fiq                  0x00018924   ARM Code       0  stack_rom_symbol.txt ABSOLUTE
    __ARM_common_enable_irq                  0x00018934   ARM Code       0  stack_rom_symbol.txt ABSOLUTE
    __ARM_common_switch8                     0x00018944   ARM Code       0  stack_rom_symbol.txt ABSOLUTE
    dbg_default_handler                      0x00018a60   Data           0  stack_rom_symbol.txt ABSOLUTE
    one_bits                                 0x00018a68   Data           0  stack_rom_symbol.txt ABSOLUTE
    co_sca2ppm                               0x00018a78   Data           0  stack_rom_symbol.txt ABSOLUTE
    co_null_bdaddr                           0x00018a88   Data           0  stack_rom_symbol.txt ABSOLUTE
    llc_default_handler                      0x00018c40   Data           0  stack_rom_symbol.txt ABSOLUTE
    rwip_coex_cfg                            0x00018c58   Data           0  stack_rom_symbol.txt ABSOLUTE
    rwip_priority                            0x00018c5d   Data           0  stack_rom_symbol.txt ABSOLUTE
    lld_pdu_adv_pk_desc_tab                  0x00018c6c   Data           0  stack_rom_symbol.txt ABSOLUTE
    lld_pdu_llcp_pk_desc_tab                 0x00018cc0   Data           0  stack_rom_symbol.txt ABSOLUTE
    llm_local_data_len_values                0x00018dce   Data           0  stack_rom_symbol.txt ABSOLUTE
    llm_local_cmds                           0x00018dec   Data           0  stack_rom_symbol.txt ABSOLUTE
    llm_local_le_feats                       0x00018e2c   Data           0  stack_rom_symbol.txt ABSOLUTE
    llm_local_le_states                      0x00018e34   Data           0  stack_rom_symbol.txt ABSOLUTE
    llm_default_handler                      0x00018f9c   Data           0  stack_rom_symbol.txt ABSOLUTE
    LLM_AA_CT1                               0x00018fa4   Data           0  stack_rom_symbol.txt ABSOLUTE
    LLM_AA_CT2                               0x00018fa7   Data           0  stack_rom_symbol.txt ABSOLUTE
    gapc_sig_handlers                        0x00019064   Data           0  stack_rom_symbol.txt ABSOLUTE
    gapc_default_state                       0x0001907c   Data           0  stack_rom_symbol.txt ABSOLUTE
    gapc_default_handler                     0x0001918c   Data           0  stack_rom_symbol.txt ABSOLUTE
    gapm_default_state                       0x0001931c   Data           0  stack_rom_symbol.txt ABSOLUTE
    gapm_default_handler                     0x000193e4   Data           0  stack_rom_symbol.txt ABSOLUTE
    smpc_construct_pdu                       0x00019408   Data           0  stack_rom_symbol.txt ABSOLUTE
    smpc_recv_pdu                            0x00019444   Data           0  stack_rom_symbol.txt ABSOLUTE
    attc_handlers                            0x00019480   Data           0  stack_rom_symbol.txt ABSOLUTE
    atts_handlers                            0x00019514   Data           0  stack_rom_symbol.txt ABSOLUTE
    gattc_default_state                      0x0001958c   Data           0  stack_rom_symbol.txt ABSOLUTE
    gattc_default_handler                    0x0001966c   Data           0  stack_rom_symbol.txt ABSOLUTE
    gattm_default_state                      0x000196a8   Data           0  stack_rom_symbol.txt ABSOLUTE
    gattm_default_handler                    0x000196b0   Data           0  stack_rom_symbol.txt ABSOLUTE
    l2cc_sig_handlers                        0x000197dc   Data           0  stack_rom_symbol.txt ABSOLUTE
    l2cc_default_state                       0x0001981c   Data           0  stack_rom_symbol.txt ABSOLUTE
    l2cc_default_handler                     0x0001987c   Data           0  stack_rom_symbol.txt ABSOLUTE
    hci_cmd_desc_tab_lk_ctrl                 0x00019894   Data           0  stack_rom_symbol.txt ABSOLUTE
    hci_cmd_desc_tab_ctrl_bb                 0x000198b8   Data           0  stack_rom_symbol.txt ABSOLUTE
    hci_cmd_desc_tab_info_par                0x00019930   Data           0  stack_rom_symbol.txt ABSOLUTE
    hci_cmd_desc_tab_stat_par                0x0001996c   Data           0  stack_rom_symbol.txt ABSOLUTE
    hci_cmd_desc_tab_le                      0x00019978   Data           0  stack_rom_symbol.txt ABSOLUTE
    hci_cmd_desc_tab_vs                      0x00019ba0   Data           0  stack_rom_symbol.txt ABSOLUTE
    hci_evt_dbg_desc_tab                     0x00019c48   Data           0  stack_rom_symbol.txt ABSOLUTE
    hci_cmd_desc_root_tab                    0x00019c50   Data           0  stack_rom_symbol.txt ABSOLUTE
    hci_evt_desc_tab                         0x00019c80   Data           0  stack_rom_symbol.txt ABSOLUTE
    hci_evt_le_desc_tab                      0x00019cc8   Data           0  stack_rom_symbol.txt ABSOLUTE
    ahi_default_state                        0x00019d20   Data           0  stack_rom_symbol.txt ABSOLUTE
    ahi_default_handler                      0x00019d28   Data           0  stack_rom_symbol.txt ABSOLUTE
    boot_stack_base_UNUSED                   0x0001b084   Data           4  boot_handlers.o(SYS_BOOT)
    boot_stack_len_UNUSED                    0x0001b088   Data           4  boot_handlers.o(SYS_BOOT)
    boot_stack_base_IRQ                      0x0001b08c   Data           4  boot_handlers.o(SYS_BOOT)
    boot_stack_len_IRQ                       0x0001b090   Data           4  boot_handlers.o(SYS_BOOT)
    boot_stack_base_SVC                      0x0001b094   Data           4  boot_handlers.o(SYS_BOOT)
    boot_stack_len_SVC                       0x0001b098   Data           4  boot_handlers.o(SYS_BOOT)
    boot_stack_base_FIQ                      0x0001b09c   Data           4  boot_handlers.o(SYS_BOOT)
    boot_stack_len_FIQ                       0x0001b0a0   Data           4  boot_handlers.o(SYS_BOOT)
    sys_Reset                                0x0001b0a4   ARM Code       0  boot_handlers.o(SYS_BOOT)
    Long ARM to Thumb Veneer to Undefined_Exception 0x0001b270   ARM Code       8  anon$$obj.o(Veneer$$Code)
    Long ARM to Thumb Veneer to SoftwareInterrupt_Exception 0x0001b278   ARM Code       8  anon$$obj.o(Veneer$$Code)
    Long ARM to Thumb Veneer to PrefetchAbort_Exception 0x0001b280   ARM Code       8  anon$$obj.o(Veneer$$Code)
    Long ARM to Thumb Veneer to DataAbort_Exception 0x0001b288   ARM Code       8  anon$$obj.o(Veneer$$Code)
    Long ARM to Thumb Veneer to Reserved_Exception 0x0001b290   ARM Code       8  anon$$obj.o(Veneer$$Code)
    Long ARM to Thumb Veneer to rw_main      0x0001b298   ARM Code       8  anon$$obj.o(Veneer$$Code)
    SYSirq_FIQ_Handler                       0x0001b300   ARM Code      16  intc.o(sys_fiq_entry)
    SYSirq_IRQ_Handler                       0x0001b320   ARM Code      16  intc.o(sys_irq_entry)
    assert_err                               0x0001b331   Thumb Code    18  arch_main.o(.text)
    assert_param                             0x0001b343   Thumb Code    22  arch_main.o(.text)
    assert_warn                              0x0001b359   Thumb Code    22  arch_main.o(.text)
    dump_data                                0x0001b36f   Thumb Code    18  arch_main.o(.text)
    platform_reset                           0x0001b381   Thumb Code    46  arch_main.o(.text)
    bdaddr_env_init                          0x0001b3af   Thumb Code    74  arch_main.o(.text)
    ble_clk_enable                           0x0001b3f9   Thumb Code    10  arch_main.o(.text)
    user_timer_cb                            0x0001b403   Thumb Code    10  arch_main.o(.text)
    user_timer_init                          0x0001b40d   Thumb Code    78  arch_main.o(.text)
    rom_env_init                             0x0001b45b   Thumb Code    86  arch_main.o(.text)
    rwip_eif_api_init                        0x0001b527   Thumb Code    20  arch_main.o(.text)
    rw_main                                  0x0001b53b   Thumb Code   106  arch_main.o(.text)
    rwip_eif_get                             0x0001b5a5   Thumb Code    16  arch_main.o(.text)
    rwble_hl_init                            0x0001b6e5   Thumb Code    28  rwble_hl.o(.text)
    rwble_hl_reset                           0x0001b701   Thumb Code    28  rwble_hl.o(.text)
    rwble_init                               0x0001b71d   Thumb Code    28  rwble.o(.text)
    rwble_reset                              0x0001b739   Thumb Code    86  rwble.o(.text)
    rwble_sleep_check                        0x0001b78f   Thumb Code    16  rwble.o(.text)
    rwble_activity_ongoing_check             0x0001b79f   Thumb Code    30  rwble.o(.text)
    rwble_version                            0x0001b7bd   Thumb Code    44  rwble.o(.text)
    rwble_isr                                0x0001b7e9   Thumb Code   556  rwble.o(.text)
    rwip_check_wakeup_boundary               0x0001ba25   Thumb Code    34  rwip.o(.text)
    rwip_init                                0x0001ba47   Thumb Code   130  rwip.o(.text)
    rwip_reset                               0x0001bac9   Thumb Code    56  rwip.o(.text)
    rwip_version                             0x0001bb01   Thumb Code     8  rwip.o(.text)
    rwip_schedule                            0x0001bb09   Thumb Code    16  rwip.o(.text)
    rwip_prevent_sleep_set                   0x0001bb19   Thumb Code    74  rwip.o(.text)
    rwip_sleep                               0x0001bb63   Thumb Code   366  rwip.o(.text)
    rwip_wakeup                              0x0001bcd1   Thumb Code    46  rwip.o(.text)
    rwip_prevent_sleep_clear                 0x0001bcff   Thumb Code    74  rwip.o(.text)
    rwip_wakeup_end                          0x0001bd49   Thumb Code    36  rwip.o(.text)
    rwip_us_2_lpcycles                       0x0001bd6d   Thumb Code    14  rwip.o(.text)
    rwip_wakeup_delay_set                    0x0001bd7b   Thumb Code    12  rwip.o(.text)
    rwip_prevent_sleep_get                   0x0001bd87   Thumb Code     6  rwip.o(.text)
    rwip_sleep_enable                        0x0001bd8d   Thumb Code     6  rwip.o(.text)
    rwip_ext_wakeup_enable                   0x0001bd93   Thumb Code     6  rwip.o(.text)
    rwip_sleep_lpcycles_2_us                 0x0001bd99   Thumb Code    42  rwip.o(.text)
    rwip_assert_err                          0x0001bdc3   Thumb Code     2  rwip.o(.text)
    emi_init                                 0x0001be2d   Thumb Code    20  emi.o(.text)
    flash_init                               0x0001be45   Thumb Code    24  flash.o(.text)
    flash_readword                           0x0001be5d   Thumb Code    50  flash.o(.text)
    flash_writeword                          0x0001be8f   Thumb Code    50  flash.o(.text)
    flash_erase_sector                       0x0001bec1   Thumb Code    48  flash.o(.text)
    flash_erase                              0x0001bef1   Thumb Code    36  flash.o(.text)
    flash_write                              0x0001bf15   Thumb Code   110  flash.o(.text)
    flash_read                               0x0001bf83   Thumb Code   102  flash.o(.text)
    crc16                                    0x0001bfe9   Thumb Code    44  flash.o(.text)
    write_lmecc_pointq                       0x0001c015   Thumb Code     2  flash.o(.text)
    read_lmecc_pointq_status                 0x0001c017   Thumb Code     4  flash.o(.text)
    read_lmecc_pointq                        0x0001c01b   Thumb Code     2  flash.o(.text)
    gpio_config                              0x0001c06d   Thumb Code   144  gpio.o(.text)
    gpio_get_input                           0x0001c0fd   Thumb Code    28  gpio.o(.text)
    gpio_set                                 0x0001c119   Thumb Code    36  gpio.o(.text)
    gpio_init                                0x0001c13d   Thumb Code     2  gpio.o(.text)
    gpio_triger                              0x0001c13f   Thumb Code    20  gpio.o(.text)
    gpio_cb_register                         0x0001c153   Thumb Code    12  gpio.o(.text)
    gpio_isr                                 0x0001c15f   Thumb Code    42  gpio.o(.text)
    gpio_test_init                           0x0001c189   Thumb Code    54  gpio.o(.text)
    gpio_sleep                               0x0001c1bf   Thumb Code    72  gpio.o(.text)
    gpio_wakeup                              0x0001c207   Thumb Code    52  gpio.o(.text)
    DEBUG_MSG                                0x0001c23b   Thumb Code     2  gpio.o(.text)
    system_sleep_init                        0x0001c255   Thumb Code     8  icu.o(.text)
    icu_init                                 0x0001c25d   Thumb Code    68  icu.o(.text)
    icu_get_sleep_mode                       0x0001c2a1   Thumb Code     6  icu.o(.text)
    icu_set_sleep_mode                       0x0001c2a7   Thumb Code     6  icu.o(.text)
    enter_deep_sleep                         0x0001c2ad   Thumb Code    48  icu.o(.text)
    cpu_reduce_voltage_sleep                 0x0001c2dd   Thumb Code    60  icu.o(.text)
    cpu_wakeup                               0x0001c319   Thumb Code    32  icu.o(.text)
    cpu_idle_sleep                           0x0001c339   Thumb Code     8  icu.o(.text)
    system_reset_reson                       0x0001c341   Thumb Code    18  icu.o(.text)
    switch_clk                               0x0001c353   Thumb Code    52  icu.o(.text)
    bk3432_singleWaveCfg                     0x0001c387   Thumb Code    58  icu.o(.text)
    bk3432_tx_en                             0x0001c3c1   Thumb Code    26  icu.o(.text)
    intc_spurious                            0x0001c3fd   Thumb Code     2  intc.o(.text)
    intc_init                                0x0001c3ff   Thumb Code    28  intc.o(.text)
    intc_stat_clear                          0x0001c41b   Thumb Code     8  intc.o(.text)
    IRQ_Exception                            0x0001c423   Thumb Code   138  intc.o(.text)
    FIQ_Exception                            0x0001c4ad   Thumb Code    30  intc.o(.text)
    pwm_init                                 0x0001c4dd   Thumb Code   204  pwm.o(.text)
    pwm_enable                               0x0001c5a9   Thumb Code    20  pwm.o(.text)
    pwm_disable                              0x0001c5bd   Thumb Code    28  pwm.o(.text)
    pwm_int_enable                           0x0001c5d9   Thumb Code    22  pwm.o(.text)
    pwm_int_disable                          0x0001c5ef   Thumb Code    22  pwm.o(.text)
    pwm_capture_value_get                    0x0001c605   Thumb Code    22  pwm.o(.text)
    pwm_int_handler_clear                    0x0001c61b   Thumb Code    14  pwm.o(.text)
    pwm_isr                                  0x0001c629   Thumb Code    52  pwm.o(.text)
    timer_init                               0x0001c66d   Thumb Code     2  timer.o(.text)
    timer_set_timeout                        0x0001c66f   Thumb Code     6  timer.o(.text)
    timer_get_time                           0x0001c675   Thumb Code     6  timer.o(.text)
    timer_enable                             0x0001c67b   Thumb Code     6  timer.o(.text)
    timer_isr                                0x0001c681   Thumb Code    20  timer.o(.text)
    wdt_disable                              0x0001c699   Thumb Code    28  wdt.o(.text)
    wdt_enable                               0x0001c6b5   Thumb Code    38  wdt.o(.text)
    wdt_feed                                 0x0001c6db   Thumb Code    28  wdt.o(.text)
    Read_Uart_Buf                            0x0001c701   Thumb Code    14  uart.o(.text)
    Uart_Read_Byte                           0x0001c70f   Thumb Code    10  uart.o(.text)
    uart_putchar                             0x0001c719   Thumb Code    34  uart.o(.text)
    uart_printf                              0x0001c73b   Thumb Code    46  uart.o(.text)
    uart_printf_null                         0x0001c769   Thumb Code     4  uart.o(.text)
    hex2Str                                  0x0001c76d   Thumb Code    46  uart.o(.text)
    uart_print_int                           0x0001c79b   Thumb Code    48  uart.o(.text)
    cpu_delay                                0x0001c7cb   Thumb Code    26  uart.o(.text)
    uart_init                                0x0001c7e5   Thumb Code   136  uart.o(.text)
    uart_flow_on                             0x0001c86d   Thumb Code     2  uart.o(.text)
    uart_clear_rxfifo                        0x0001c86f   Thumb Code    26  uart.o(.text)
    uart_flow_off                            0x0001c889   Thumb Code     4  uart.o(.text)
    uart_finish_transfers                    0x0001c88d   Thumb Code    24  uart.o(.text)
    uart_read                                0x0001c8a5   Thumb Code    66  uart.o(.text)
    uart_write                               0x0001c8e7   Thumb Code   112  uart.o(.text)
    uart_send                                0x0001c957   Thumb Code    26  uart.o(.text)
    uart_cb_register                         0x0001c971   Thumb Code    10  uart.o(.text)
    uart_cb_clear                            0x0001c97b   Thumb Code    14  uart.o(.text)
    uart_isr                                 0x0001c989   Thumb Code   104  uart.o(.text)
    check_uart_stop                          0x0001c9f1   Thumb Code    10  uart.o(.text)
    Delay_ms                                 0x0001cac3   Thumb Code    26  rf_xvr.o(.text)
    kmod_calibration                         0x0001cadd   Thumb Code   290  rf_xvr.o(.text)
    initial_xver_BK3432_openLoop             0x0001cbff   Thumb Code   314  rf_xvr.o(.text)
    rf_init                                  0x0001cd39   Thumb Code    36  rf_xvr.o(.text)
    Delay_us                                 0x0001cd5d   Thumb Code    20  rf_xvr.o(.text)
    Delay                                    0x0001cd71   Thumb Code    20  rf_xvr.o(.text)
    CLK32K_AutoCali_init                     0x0001cd85   Thumb Code    16  rf_xvr.o(.text)
    bass_get_att_handle                      0x0001cffb   Thumb Code   122  bass.o(.text)
    bass_prf_itf_get                         0x0001d0b5   Thumb Code     6  bass.o(.text)
    bass_get_att_idx                         0x0001d0bb   Thumb Code   112  bass.o(.text)
    bass_exe_operation                       0x0001d12b   Thumb Code   238  bass.o(.text)
    diss_compute_cfg_flag                    0x0001d4cd   Thumb Code    40  diss.o(.text)
    diss_prf_itf_get                         0x0001d59f   Thumb Code     6  diss.o(.text)
    diss_handle_to_value                     0x0001d5a5   Thumb Code    54  diss.o(.text)
    diss_value_to_handle                     0x0001d5db   Thumb Code    60  diss.o(.text)
    diss_check_val_len                       0x0001d617   Thumb Code    42  diss.o(.text)
    fff0s_get_att_handle                     0x0001d921   Thumb Code    50  fff0s.o(.text)
    fff0s_notify_fff1_lvl                    0x0001d953   Thumb Code    64  fff0s.o(.text)
    fff0s_prf_itf_get                        0x0001d993   Thumb Code     6  fff0s.o(.text)
    fff0s_get_att_idx                        0x0001d999   Thumb Code    62  fff0s.o(.text)
    oad_save_reciveData                      0x0001dd03   Thumb Code    32  oads.o(.text)
    oad_updating_user_section_begin          0x0001dd23   Thumb Code    38  oads.o(.text)
    oad_updating_user_section_pro            0x0001dd49   Thumb Code   104  oads.o(.text)
    oad_updating_user_section_end            0x0001ddb1   Thumb Code    18  oads.o(.text)
    oadImgIdentifyWrite                      0x0001dea5   Thumb Code   320  oads.o(.text)
    oadImgBlockWrite                         0x0001dfe5   Thumb Code   566  oads.o(.text)
    oads_prf_itf_get                         0x0001e21b   Thumb Code     4  oads.o(.text)
    prf_init                                 0x0001e607   Thumb Code   112  prf.o(.text)
    prf_add_profile                          0x0001e677   Thumb Code   130  prf.o(.text)
    prf_create                               0x0001e6f9   Thumb Code    44  prf.o(.text)
    prf_cleanup                              0x0001e725   Thumb Code    48  prf.o(.text)
    prf_env_get                              0x0001e755   Thumb Code    44  prf.o(.text)
    prf_src_task_get                         0x0001e781   Thumb Code    16  prf.o(.text)
    prf_dst_task_get                         0x0001e791   Thumb Code    16  prf.o(.text)
    prf_get_id_from_task                     0x0001e7a1   Thumb Code    52  prf.o(.text)
    prf_get_task_from_id                     0x0001e7d5   Thumb Code    52  prf.o(.text)
    prf_pack_char_pres_fmt                   0x0001e80d   Thumb Code    30  prf_utils.o(.text)
    prf_pack_date_time                       0x0001e82b   Thumb Code    32  prf_utils.o(.text)
    prf_unpack_date_time                     0x0001e84b   Thumb Code    34  prf_utils.o(.text)
    appm_init                                0x0001e86d   Thumb Code   124  app.o(.text)
    appm_add_svc                             0x0001e8e9   Thumb Code    32  app.o(.text)
    appm_disconnect                          0x0001e909   Thumb Code    34  app.o(.text)
    appm_start_advertising                   0x0001e92b   Thumb Code   264  app.o(.text)
    appm_stop_advertising                    0x0001ea33   Thumb Code    48  app.o(.text)
    appm_update_param                        0x0001ea63   Thumb Code    56  app.o(.text)
    appm_update_adv_data                     0x0001ea9b   Thumb Code    86  app.o(.text)
    appm_get_dev_name                        0x0001eaf1   Thumb Code    16  app.o(.text)
    SetBleName                               0x0001eb01   Thumb Code    56  app.o(.text)
    ReadBleName                              0x0001eb39   Thumb Code     2  app.o(.text)
    app_batt_init                            0x0001eb65   Thumb Code    12  app_batt.o(.text)
    app_batt_add_bas                         0x0001eb71   Thumb Code    44  app_batt.o(.text)
    app_batt_enable_prf                      0x0001eb9d   Thumb Code    44  app_batt.o(.text)
    app_batt_send_lvl                        0x0001ebc9   Thumb Code    34  app_batt.o(.text)
    app_dis_init                             0x0001ec85   Thumb Code     2  app_dis.o(.text)
    app_dis_add_dis                          0x0001ec87   Thumb Code    42  app_dis.o(.text)
    app_fff0_init                            0x0001ed15   Thumb Code    10  app_fff0.o(.text)
    app_fff0_add_fff0s                       0x0001ed1f   Thumb Code    42  app_fff0.o(.text)
    app_fff1_send_lvl                        0x0001ed49   Thumb Code    46  app_fff0.o(.text)
    app_oads_init                            0x0001f1dd   Thumb Code     8  app_oads.o(.text)
    app_oad_add_oads                         0x0001f1e5   Thumb Code    42  app_oads.o(.text)
    app_oads_enable_prf                      0x0001f20f   Thumb Code    42  app_oads.o(.text)
    app_ffc1_ntf_req                         0x0001f257   Thumb Code    34  app_oads.o(.text)
    app_ffc2_ntf_req                         0x0001f279   Thumb Code    36  app_oads.o(.text)
    aes                                      0x0001f4c9   Thumb Code   242  aes.o(.text)
    deAes                                    0x0001f723   Thumb Code   292  aes.o(.text)
    setkey                                   0x0001f847   Thumb Code    26  aes.o(.text)
    setiv                                    0x0001f861   Thumb Code    26  aes.o(.text)
    CRC16_CCITT_FALSE                        0x0001fa3d   Thumb Code    48  crc.o(.text)
    UartParaClear                            0x0001fa75   Thumb Code    26  user.o(.text)
    UartRsp                                  0x0001fa8f   Thumb Code    26  user.o(.text)
    RxDateCheck                              0x0001faa9   Thumb Code    88  user.o(.text)
    UartDatePackPro                          0x0001fb01   Thumb Code   216  user.o(.text)
    TxSendDatePackPro                        0x0001fbd9   Thumb Code   176  user.o(.text)
    __aeabi_uldivmod                         0x0001fcb9   Thumb Code    96  uldiv.o(.text)
    __I$use$fp                               0x0001fd18   ARM Code       0  iusefp.o(.text)
    __aeabi_dadd                             0x0001fd19   Thumb Code   328  dadd.o(.text)
    __aeabi_dsub                             0x0001fe61   Thumb Code    12  dadd.o(.text)
    __aeabi_drsub                            0x0001fe6d   Thumb Code    12  dadd.o(.text)
    __aeabi_dmul                             0x0001fe7d   Thumb Code   202  dmul.o(.text)
    __aeabi_ddiv                             0x0001ff4d   Thumb Code   234  ddiv.o(.text)
    __aeabi_d2ulz                            0x0002003d   Thumb Code    54  dfixul.o(.text)
    __aeabi_cdrcmple                         0x0002007d   Thumb Code    38  cdrcmple.o(.text)
    __aeabi_llsl                             0x000200a5   Thumb Code    32  llshl.o(.text)
    _ll_shift_l                              0x000200a5   Thumb Code     0  llshl.o(.text)
    __aeabi_llsr                             0x000200c5   Thumb Code    34  llushr.o(.text)
    _ll_ushift_r                             0x000200c5   Thumb Code     0  llushr.o(.text)
    __aeabi_lasr                             0x000200e7   Thumb Code    38  llsshr.o(.text)
    _ll_sshift_r                             0x000200e7   Thumb Code     0  llsshr.o(.text)
    _double_round                            0x0002010d   Thumb Code    26  depilogue.o(.text)
    _double_epilogue                         0x00020127   Thumb Code   164  depilogue.o(.text)
    __0vsprintf                              0x000201cd   Thumb Code    30  printfa.o(i.__0vsprintf)
    __1vsprintf                              0x000201cd   Thumb Code     0  printfa.o(i.__0vsprintf)
    __2vsprintf                              0x000201cd   Thumb Code     0  printfa.o(i.__0vsprintf)
    __c89vsprintf                            0x000201cd   Thumb Code     0  printfa.o(i.__0vsprintf)
    vsprintf                                 0x000201cd   Thumb Code     0  printfa.o(i.__0vsprintf)
    bas_att_db                               0x00020adc   Data          40  bass.o(.constdata)
    bass_itf                                 0x00020b04   Data          16  bass.o(.constdata)
    bass_default_state                       0x00020b14   Data          48  bass_task.o(.constdata)
    bass_default_handler                     0x00020b44   Data           8  bass_task.o(.constdata)
    diss_att_db                              0x00020b4c   Data         152  diss.o(.constdata)
    diss_itf                                 0x00020be4   Data          16  diss.o(.constdata)
    diss_default_state                       0x00020bf4   Data          24  diss_task.o(.constdata)
    diss_default_handler                     0x00020c0c   Data           8  diss_task.o(.constdata)
    fff0_att_db                              0x00020c14   Data          48  fff0s.o(.constdata)
    fff0s_itf                                0x00020c44   Data          16  fff0s.o(.constdata)
    fff0s_default_state                      0x00020c54   Data          40  fff0s_task.o(.constdata)
    fff0s_default_handler                    0x00020c7c   Data           8  fff0s_task.o(.constdata)
    oads_att_db                              0x00020c84   Data          72  oads.o(.constdata)
    oads_itf                                 0x00020ccc   Data          16  oads.o(.constdata)
    oads_default_state                       0x00020d24   Data          48  oads_task.o(.constdata)
    braces_default_handler                   0x00020d54   Data           8  oads_task.o(.constdata)
    app_batt_msg_handler_list                0x00020db0   Data          32  app_batt.o(.constdata)
    app_batt_table_handler                   0x00020dd0   Data           8  app_batt.o(.constdata)
    app_dis_msg_handler_list                 0x00020dd8   Data           8  app_dis.o(.constdata)
    app_dis_table_handler                    0x00020de0   Data           8  app_dis.o(.constdata)
    app_fff0_msg_handler_list                0x00020de8   Data          40  app_fff0.o(.constdata)
    app_fff0_table_handler                   0x00020e10   Data           8  app_fff0.o(.constdata)
    appm_default_state                       0x00020e18   Data         128  app_task.o(.constdata)
    appm_default_handler                     0x00020e98   Data           8  app_task.o(.constdata)
    app_oads_msg_handler_list                0x00020ea0   Data          48  app_oads.o(.constdata)
    app_oads_table_handler                   0x00020ed0   Data           8  app_oads.o(.constdata)
    Load$$RAM_DATA$$Base                     0x00021780   Number         0  anon$$obj.o ABSOLUTE
    dbg_state                                0x00400028   Data           0  stack_rom_symbol.txt ABSOLUTE
    co_default_bdaddr                        0x00400029   Data           0  stack_rom_symbol.txt ABSOLUTE
    llc_env                                  0x00400030   Data           0  stack_rom_symbol.txt ABSOLUTE
    llc_state                                0x00400034   Data           0  stack_rom_symbol.txt ABSOLUTE
    latency_disable_state                    0x00400035   Data           0  stack_rom_symbol.txt ABSOLUTE
    system_sleep_flag                        0x00400036   Data           0  stack_rom_symbol.txt ABSOLUTE
    lld_sleep_env                            0x00400038   Data           0  stack_rom_symbol.txt ABSOLUTE
    llm_state                                0x0040003c   Data           0  stack_rom_symbol.txt ABSOLUTE
    gapc_env                                 0x00400040   Data           0  stack_rom_symbol.txt ABSOLUTE
    gapc_state                               0x00400044   Data           0  stack_rom_symbol.txt ABSOLUTE
    gapm_state                               0x00400045   Data           0  stack_rom_symbol.txt ABSOLUTE
    gattc_env                                0x00400048   Data           0  stack_rom_symbol.txt ABSOLUTE
    gattc_state                              0x0040004c   Data           0  stack_rom_symbol.txt ABSOLUTE
    gattm_state                              0x0040004d   Data           0  stack_rom_symbol.txt ABSOLUTE
    l2cc_env                                 0x00400050   Data           0  stack_rom_symbol.txt ABSOLUTE
    l2cc_state                               0x00400054   Data           0  stack_rom_symbol.txt ABSOLUTE
    ahi_state                                0x00400055   Data           0  stack_rom_symbol.txt ABSOLUTE
    ke_env                                   0x00400080   Data           0  stack_rom_symbol.txt ABSOLUTE
    sw_to_hw                                 0x00400164   Data           0  stack_rom_symbol.txt ABSOLUTE
    rwip_rf                                  0x00400184   Data           0  stack_rom_symbol.txt ABSOLUTE
    rom_env                                  0x004001b8   Data           0  stack_rom_symbol.txt ABSOLUTE
    em_buf_env                               0x00400204   Data           0  stack_rom_symbol.txt ABSOLUTE
    lld_evt_env                              0x00400564   Data           0  stack_rom_symbol.txt ABSOLUTE
    llm_le_env                               0x004005cc   Data           0  stack_rom_symbol.txt ABSOLUTE
    gapm_env                                 0x00400684   Data           0  stack_rom_symbol.txt ABSOLUTE
    gattm_env                                0x004006c8   Data           0  stack_rom_symbol.txt ABSOLUTE
    l2cm_env                                 0x004006e8   Data           0  stack_rom_symbol.txt ABSOLUTE
    hci_env                                  0x004006f4   Data           0  stack_rom_symbol.txt ABSOLUTE
    hci_fc_env                               0x00400704   Data           0  stack_rom_symbol.txt ABSOLUTE
    ahi_env                                  0x00400744   Data           0  stack_rom_symbol.txt ABSOLUTE
    Image$$RAM_DATA$$Base                    0x00400800   Number         0  anon$$obj.o ABSOLUTE
    GPIO_CFG                                 0x00400808   Data          20  gpio.o(.data)
    GPIO_DATA                                0x0040081c   Data          20  gpio.o(.data)
    wdt_disable_flag                         0x00400832   Data           1  wdt.o(.data)
    uart_rx_done                             0x00400834   Data           1  uart.o(.data)
    cur_read_buf_idx                         0x00400835   Data           1  uart.o(.data)
    uart_rx_index                            0x0040083c   Data           4  uart.o(.data)
    oad_firmware_type                        0x00400845   Data           1  oads.o(.data)
    first                                    0x0040084c   Data           1  app.o(.data)
    name                                     0x0040084d   Data          13  app.o(.data)
    app_batt_env                             0x0040085a   Data           2  app_batt.o(.data)
    app_fff0_env                             0x0040085c   Data           2  app_fff0.o(.data)
    TxDatePackEnd                            0x00400860   Data           1  app_task.o(.data)
    connect_status_flag                      0x00400861   Data           1  app_task.o(.data)
    RxRevFlag                                0x00400862   Data           1  app_task.o(.data)
    RxRevCnt                                 0x00400863   Data           1  app_task.o(.data)
    p_index                                  0x00400864   Data           1  app_task.o(.data)
    connect_timeout_cnt                      0x00400868   Data           4  app_task.o(.data)
    appm_state                               0x0040086c   Data           1  app_task.o(.data)
    app_oads_env                             0x0040086d   Data           1  app_oads.o(.data)
    key                                      0x0040086e   Data          16  aes.o(.data)
    iv                                       0x0040087e   Data          16  aes.o(.data)
    c_len                                    0x0040088e   Data           1  aes.o(.data)
    p_len                                    0x0040088f   Data           1  aes.o(.data)
    encrypt                                  0x00400890   Data           8  aes.o(.data)
    deencrypt                                0x00400898   Data           8  aes.o(.data)
    c_ptr                                    0x004008a0   Data           1  user.o(.data)
    BLERevFlag                               0x004008a1   Data           1  user.o(.data)
    RxDateLen                                0x004008a2   Data           1  user.o(.data)
    RxPackNumb                               0x004008a3   Data           1  user.o(.data)
    MsgIden                                  0x004008a4   Data           1  user.o(.data)
    RxDateIndex                              0x004008a5   Data           1  user.o(.data)
    TxDateLen                                0x004008a6   Data           1  user.o(.data)
    TxMsgIden                                0x004008a7   Data           1  user.o(.data)
    BLERevTimeout                            0x004008a8   Data           2  user.o(.data)
    Image$$RAM_BSS$$Base                     0x004008ac   Number         0  anon$$obj.o ABSOLUTE
    uart_api                                 0x004008ac   Data          16  arch_main.o(.bss)
    rwip_sleep_time                          0x004008cc   Data          12  rwip.o(.bss)
    GPIO_CFG_BACKUP                          0x004008e4   Data          20  gpio.o(.bss)
    GPIO_DATA_BACKUP                         0x004008f8   Data          20  gpio.o(.bss)
    p_PWM_Int_Handler                        0x0040090c   Data          20  pwm.o(.bss)
    uart_rx_buf                              0x00400920   Data          64  uart.o(.bss)
    uart_env                                 0x00400960   Data          20  uart.o(.bss)
    uart_buff                                0x00400974   Data          64  uart.o(.bss)
    XVR_ANALOG_REG_BAK                       0x004009b4   Data          36  rf_xvr.o(.bss)
    bsec                                     0x004009d8   Data         192  oads.o(.bss)
    prf_env                                  0x00400a98   Data         240  prf.o(.bss)
    read                                     0x00400b88   Data          15  app.o(.bss)
    app_env                                  0x00400b98   Data          40  app.o(.bss)
    c_array                                  0x00400bc0   Data          64  aes.o(.bss)
    p_array                                  0x00400c00   Data          32  aes.o(.bss)
    RxDateBuf                                0x00400cd0   Data          30  user.o(.bss)
    TxDateBuf                                0x00400cee   Data          64  user.o(.bss)
    rwip_heap_env                            0x00400d30   Data         868  rwip.o(ke_heap)
    rwip_heap_db                             0x00401094   Data        1036  rwip.o(ke_heap)
    rwip_heap_msg                            0x004014a0   Data        1404  rwip.o(ke_heap)
    rwip_heap_non_ret                        0x00401a1c   Data        1548  rwip.o(ke_heap)
    Image$$RAM_STACK_UNUSED$$Base            0x0040330c   Number         0  anon$$obj.o ABSOLUTE
    Image$$RAM_STACK_SVC$$Base               0x0040332c   Number         0  anon$$obj.o ABSOLUTE
    Image$$RAM_STACK_IRQ$$Base               0x00403a1c   Number         0  anon$$obj.o ABSOLUTE
    Image$$RAM_STACK_FIQ$$Base               0x00403d0c   Number         0  anon$$obj.o ABSOLUTE



==============================================================================

Memory Map of the image

  Image Entry point : 0x0001b0a4

  Load Region SECTIONS (Base: 0x0001b020, Size: 0x0000680c, Max: 0xffffffff, ABSOLUTE)

    Execution Region ROM_SYS (Exec base: 0x0001b020, Load base: 0x0001b020, Size: 0x00000280, Max: 0xffffffff, ABSOLUTE)

    Exec Addr    Load Addr    Size         Type   Attr      Idx    E Section Name        Object

    0x0001b020   0x0001b020   0x0000005c   Code   RO           14  * SYS_BOOT            boot_vectors.o
    0x0001b07c   0x0001b07c   0x000001f4   Code   RO           13  * SYS_BOOT            boot_handlers.o
    0x0001b270   0x0001b270   0x00000008   Ven    RO          139    Veneer$$Code        anon$$obj.o
    0x0001b278   0x0001b278   0x00000008   Ven    RO          140    Veneer$$Code        anon$$obj.o
    0x0001b280   0x0001b280   0x00000008   Ven    RO          141    Veneer$$Code        anon$$obj.o
    0x0001b288   0x0001b288   0x00000008   Ven    RO          142    Veneer$$Code        anon$$obj.o
    0x0001b290   0x0001b290   0x00000008   Ven    RO          143    Veneer$$Code        anon$$obj.o
    0x0001b298   0x0001b298   0x00000008   Ven    RO          144    Veneer$$Code        anon$$obj.o


    Execution Region FAST_CALL_SEG (Exec base: 0x0001b300, Load base: 0x0001b300, Size: 0x00000030, Max: 0xffffffff, ABSOLUTE, FIXED)

    Exec Addr    Load Addr    Size         Type   Attr      Idx    E Section Name        Object

    0x0001b300   0x0001b300   0x00000010   Code   RO           30    sys_fiq_entry       intc.o
    0x0001b310   0x0001b310   0x00000010   PAD
    0x0001b320   0x0001b320   0x00000010   Code   RO           31    sys_irq_entry       intc.o


    Execution Region ROM (Exec base: 0x0001b330, Load base: 0x0001b330, Size: 0x00006450, Max: 0xffffffff, ABSOLUTE)

    Exec Addr    Load Addr    Size         Type   Attr      Idx    E Section Name        Object

    0x0001b330   0x0001b330   0x000003b4   Code   RO            5    .text               arch_main.o
    0x0001b6e4   0x0001b6e4   0x00000038   Code   RO           15    .text               rwble_hl.o
    0x0001b71c   0x0001b71c   0x00000308   Code   RO           16    .text               rwble.o
    0x0001ba24   0x0001ba24   0x00000408   Code   RO           17    .text               rwip.o
    0x0001be2c   0x0001be2c   0x00000018   Code   RO           20    .text               emi.o
    0x0001be44   0x0001be44   0x00000228   Code   RO           21    .text               flash.o
    0x0001c06c   0x0001c06c   0x000001e8   Code   RO           24    .text               gpio.o
    0x0001c254   0x0001c254   0x000001a8   Code   RO           27    .text               icu.o
    0x0001c3fc   0x0001c3fc   0x000000e0   Code   RO           29    .text               intc.o
    0x0001c4dc   0x0001c4dc   0x00000190   Code   RO           32    .text               pwm.o
    0x0001c66c   0x0001c66c   0x0000002c   Code   RO           34    .text               timer.o
    0x0001c698   0x0001c698   0x00000068   Code   RO           35    .text               wdt.o
    0x0001c700   0x0001c700   0x0000038c   Code   RO           37    .text               uart.o
    0x0001ca8c   0x0001ca8c   0x000003e8   Code   RO           41    .text               rf_xvr.o
    0x0001ce74   0x0001ce74   0x000003b4   Code   RO           43    .text               bass.o
    0x0001d228   0x0001d228   0x000002a4   Code   RO           45    .text               bass_task.o
    0x0001d4cc   0x0001d4cc   0x00000180   Code   RO           48    .text               diss.o
    0x0001d64c   0x0001d64c   0x000001d0   Code   RO           50    .text               diss_task.o
    0x0001d81c   0x0001d81c   0x000001c8   Code   RO           53    .text               fff0s.o
    0x0001d9e4   0x0001d9e4   0x00000228   Code   RO           55    .text               fff0s_task.o
    0x0001dc0c   0x0001dc0c   0x000006b8   Code   RO           58    .text               oads.o
    0x0001e2c4   0x0001e2c4   0x00000310   Code   RO           62    .text               oads_task.o
    0x0001e5d4   0x0001e5d4   0x00000238   Code   RO           66    .text               prf.o
    0x0001e80c   0x0001e80c   0x00000060   Code   RO           68    .text               prf_utils.o
    0x0001e86c   0x0001e86c   0x000002f8   Code   RO           69    .text               app.o
    0x0001eb64   0x0001eb64   0x000000a4   Code   RO           73    .text               app_batt.o
    0x0001ec08   0x0001ec08   0x0000010c   Code   RO           77    .text               app_dis.o
    0x0001ed14   0x0001ed14   0x000000bc   Code   RO           81    .text               app_fff0.o
    0x0001edd0   0x0001edd0   0x0000040c   Code   RO           85    .text               app_task.o
    0x0001f1dc   0x0001f1dc   0x000000d4   Code   RO           90    .text               app_oads.o
    0x0001f2b0   0x0001f2b0   0x0000078c   Code   RO           94    .text               aes.o
    0x0001fa3c   0x0001fa3c   0x00000038   Code   RO          102    .text               crc.o
    0x0001fa74   0x0001fa74   0x00000244   Code   RO          103    .text               user.o
    0x0001fcb8   0x0001fcb8   0x00000060   Code   RO          124    .text               mc_5.l(uldiv.o)
    0x0001fd18   0x0001fd18   0x00000000   Code   RO          125    .text               mc_5.l(iusefp.o)
    0x0001fd18   0x0001fd18   0x00000164   Code   RO          126    .text               mf_5.l(dadd.o)
    0x0001fe7c   0x0001fe7c   0x000000d0   Code   RO          127    .text               mf_5.l(dmul.o)
    0x0001ff4c   0x0001ff4c   0x000000f0   Code   RO          128    .text               mf_5.l(ddiv.o)
    0x0002003c   0x0002003c   0x00000040   Code   RO          129    .text               mf_5.l(dfixul.o)
    0x0002007c   0x0002007c   0x00000028   Code   RO          130    .text               mf_5.l(cdrcmple.o)
    0x000200a4   0x000200a4   0x00000020   Code   RO          132    .text               mc_5.l(llshl.o)
    0x000200c4   0x000200c4   0x00000022   Code   RO          133    .text               mc_5.l(llushr.o)
    0x000200e6   0x000200e6   0x00000026   Code   RO          134    .text               mc_5.l(llsshr.o)
    0x0002010c   0x0002010c   0x000000be   Code   RO          136    .text               mf_5.l(depilogue.o)
    0x000201ca   0x000201ca   0x00000002   PAD
    0x000201cc   0x000201cc   0x00000024   Code   RO          115    i.__0vsprintf       mc_5.l(printfa.o)
    0x000201f0   0x000201f0   0x00000174   Code   RO          116    i._fp_digits        mc_5.l(printfa.o)
    0x00020364   0x00020364   0x000006f4   Code   RO          117    i._printf_core      mc_5.l(printfa.o)
    0x00020a58   0x00020a58   0x00000020   Code   RO          118    i._printf_post_padding  mc_5.l(printfa.o)
    0x00020a78   0x00020a78   0x0000002c   Code   RO          119    i._printf_pre_padding  mc_5.l(printfa.o)
    0x00020aa4   0x00020aa4   0x0000000a   Code   RO          121    i._sputc            mc_5.l(printfa.o)
    0x00020aae   0x00020aae   0x0000002e   Data   RO            7    .constdata          arch_main.o
    0x00020adc   0x00020adc   0x00000038   Data   RO           44    .constdata          bass.o
    0x00020b14   0x00020b14   0x00000030   Data   RO           46    .constdata          bass_task.o
    0x00020b44   0x00020b44   0x00000008   Data   RO           47    .constdata          bass_task.o
    0x00020b4c   0x00020b4c   0x000000a8   Data   RO           49    .constdata          diss.o
    0x00020bf4   0x00020bf4   0x00000018   Data   RO           51    .constdata          diss_task.o
    0x00020c0c   0x00020c0c   0x00000008   Data   RO           52    .constdata          diss_task.o
    0x00020c14   0x00020c14   0x00000040   Data   RO           54    .constdata          fff0s.o
    0x00020c54   0x00020c54   0x00000028   Data   RO           56    .constdata          fff0s_task.o
    0x00020c7c   0x00020c7c   0x00000008   Data   RO           57    .constdata          fff0s_task.o
    0x00020c84   0x00020c84   0x0000009e   Data   RO           60    .constdata          oads.o
    0x00020d22   0x00020d22   0x00000002   PAD
    0x00020d24   0x00020d24   0x00000030   Data   RO           63    .constdata          oads_task.o
    0x00020d54   0x00020d54   0x00000008   Data   RO           64    .constdata          oads_task.o
    0x00020d5c   0x00020d5c   0x00000032   Data   RO           65    .constdata          oads_task.o
    0x00020d8e   0x00020d8e   0x00000002   PAD
    0x00020d90   0x00020d90   0x00000020   Data   RO           71    .constdata          app.o
    0x00020db0   0x00020db0   0x00000020   Data   RO           74    .constdata          app_batt.o
    0x00020dd0   0x00020dd0   0x00000008   Data   RO           75    .constdata          app_batt.o
    0x00020dd8   0x00020dd8   0x00000008   Data   RO           78    .constdata          app_dis.o
    0x00020de0   0x00020de0   0x00000008   Data   RO           79    .constdata          app_dis.o
    0x00020de8   0x00020de8   0x00000028   Data   RO           82    .constdata          app_fff0.o
    0x00020e10   0x00020e10   0x00000008   Data   RO           83    .constdata          app_fff0.o
    0x00020e18   0x00020e18   0x00000080   Data   RO           86    .constdata          app_task.o
    0x00020e98   0x00020e98   0x00000008   Data   RO           87    .constdata          app_task.o
    0x00020ea0   0x00020ea0   0x00000030   Data   RO           91    .constdata          app_oads.o
    0x00020ed0   0x00020ed0   0x00000008   Data   RO           92    .constdata          app_oads.o
    0x00020ed8   0x00020ed8   0x000008a8   Data   RO           96    .constdata          aes.o


    Execution Region RAM_DATA (Exec base: 0x00400800, Load base: 0x00021780, Size: 0x000000ac, Max: 0xffffffff, ABSOLUTE)

    Exec Addr    Load Addr    Size         Type   Attr      Idx    E Section Name        Object

    0x00400800   0x00021780   0x00000004   Data   RW           23    .data               flash.o
    0x00400804   0x00021784   0x0000002c   Data   RW           26    .data               gpio.o
    0x00400830   0x000217b0   0x00000002   Data   RW           28    .data               icu.o
    0x00400832   0x000217b2   0x00000002   Data   RW           36    .data               wdt.o
    0x00400834   0x000217b4   0x00000010   Data   RW           40    .data               uart.o
    0x00400844   0x000217c4   0x00000008   Data   RW           61    .data               oads.o
    0x0040084c   0x000217cc   0x0000000e   Data   RW           72    .data               app.o
    0x0040085a   0x000217da   0x00000002   Data   RW           76    .data               app_batt.o
    0x0040085c   0x000217dc   0x00000002   Data   RW           84    .data               app_fff0.o
    0x0040085e   0x000217de   0x00000002   PAD
    0x00400860   0x000217e0   0x0000000c   Data   RW           88    .data               app_task.o
    0x0040086c   0x000217ec   0x00000001   Data   RW           89    .data               app_task.o
    0x0040086d   0x000217ed   0x00000001   Data   RW           93    .data               app_oads.o
    0x0040086e   0x000217ee   0x00000010   Data   RW           97    .data               aes.o
    0x0040087e   0x000217fe   0x00000010   Data   RW           98    .data               aes.o
    0x0040088e   0x0002180e   0x00000002   Data   RW           99    .data               aes.o
    0x00400890   0x00021810   0x00000008   Data   RW          100    .data               aes.o
    0x00400898   0x00021818   0x00000008   Data   RW          101    .data               aes.o
    0x004008a0   0x00021820   0x0000000a   Data   RW          105    .data               user.o


    Execution Region RAM_BSS (Exec base: 0x004008ac, Load base: 0x0002182c, Size: 0x0000177c, Max: 0xffffffff, ABSOLUTE)

    Exec Addr    Load Addr    Size         Type   Attr      Idx    E Section Name        Object

    0x004008ac        -       0x00000010   Zero   RW            6    .bss                arch_main.o
    0x004008bc        -       0x0000001c   Zero   RW           18    .bss                rwip.o
    0x004008d8        -       0x0000000c   Zero   RW           22    .bss                flash.o
    0x004008e4        -       0x00000028   Zero   RW           25    .bss                gpio.o
    0x0040090c        -       0x00000014   Zero   RW           33    .bss                pwm.o
    0x00400920        -       0x00000094   Zero   RW           38    .bss                uart.o
    0x004009b4        -       0x00000024   Zero   RW           42    .bss                rf_xvr.o
    0x004009d8        -       0x000000c0   Zero   RW           59    .bss                oads.o
    0x00400a98        -       0x000000f0   Zero   RW           67    .bss                prf.o
    0x00400b88        -       0x00000038   Zero   RW           70    .bss                app.o
    0x00400bc0        -       0x00000110   Zero   RW           95    .bss                aes.o
    0x00400cd0        -       0x0000005e   Zero   RW          104    .bss                user.o
    0x00400d2e   0x0002182c   0x00000002   PAD
    0x00400d30        -       0x000012f8   Zero   RW           19    ke_heap             rwip.o


    Execution Region RAM_STACK_UNUSED (Exec base: 0x0040330c, Load base: 0x0002182c, Size: 0x00000020, Max: 0x00000020, ABSOLUTE)

    Exec Addr    Load Addr    Size         Type   Attr      Idx    E Section Name        Object

    0x0040330c        -       0x00000020   Zero   RW            1    RAM_STACK_UNUSED.bss  anon$$obj.o


    Execution Region RAM_STACK_SVC (Exec base: 0x0040332c, Load base: 0x0002182c, Size: 0x000006f0, Max: 0x000006f0, ABSOLUTE)

    Exec Addr    Load Addr    Size         Type   Attr      Idx    E Section Name        Object

    0x0040332c        -       0x000006f0   Zero   RW            2    RAM_STACK_SVC.bss   anon$$obj.o


    Execution Region RAM_STACK_IRQ (Exec base: 0x00403a1c, Load base: 0x0002182c, Size: 0x000002f0, Max: 0x000002f0, ABSOLUTE)

    Exec Addr    Load Addr    Size         Type   Attr      Idx    E Section Name        Object

    0x00403a1c        -       0x000002f0   Zero   RW            3    RAM_STACK_IRQ.bss   anon$$obj.o


    Execution Region RAM_STACK_FIQ (Exec base: 0x00403d0c, Load base: 0x0002182c, Size: 0x000002f0, Max: 0x000002f0, ABSOLUTE)

    Exec Addr    Load Addr    Size         Type   Attr      Idx    E Section Name        Object

    0x00403d0c        -       0x000002f0   Zero   RW            4    RAM_STACK_FIQ.bss   anon$$obj.o


==============================================================================

Image component sizes


      Code (inc. data)   RO Data    RW Data    ZI Data      Debug   Object Name

      1932         34       2216         50        272          0   aes.o
       760         42         32         14         56          0   app.o
       164         14         40          2          0          0   app_batt.o
       268        112         16          0          0          0   app_dis.o
       188         26         48          2          0          0   app_fff0.o
       212         12         56          1          0          0   app_oads.o
      1036         86        136         13          0          0   app_task.o
       948        304         46          0         16          0   arch_main.o
       948         16         56          0          0          0   bass.o
       676         12         56          0          0          0   bass_task.o
       500         76          0          0          0          0   boot_handlers.o
        92         32          0          0          0          0   boot_vectors.o
        56          8          0          0          0          0   crc.o
       384         12        168          0          0          0   diss.o
       464          8         32          0          0          0   diss_task.o
        24          4          0          0          0          0   emi.o
       456         14         64          0          0          0   fff0s.o
       552          8         48          0          0          0   fff0s_task.o
       552         24          0          4         12          0   flash.o
       488         24          0         44         40          0   gpio.o
       424         34          0          2          0          0   icu.o
       256         18          0          0          0          0   intc.o
      1720        480        158          8        192          0   oads.o
       784        138        106          0          0          0   oads_task.o
       568          4          0          0        240          0   prf.o
        96          0          0          0          0          0   prf_utils.o
       400         16          0          0         20          0   pwm.o
      1000        224          0          0         36          0   rf_xvr.o
       776         16          0          0          0          0   rwble.o
        56          0          0          0          0          0   rwble_hl.o
      1032        104          0          0       4884          0   rwip.o
        44          4          0          0          0          0   timer.o
       908        146          0         16        148          0   uart.o
       580         48          0         10         94          0   user.o
       104         10          0          2          0          0   wdt.o

    ----------------------------------------------------------------------
     19512       2134       3282        172       9324          0   Object Totals
        48         24          0          0       3312          0   (incl. Generated)
        16          0          4          4          2          0   (incl. Padding)

    ----------------------------------------------------------------------

      Code (inc. data)   RO Data    RW Data    ZI Data      Debug   Library Member Name

         0          0          0          0          0          0   iusefp.o
        32          0          0          0          0          0   llshl.o
        38          0          0          0          0          0   llsshr.o
        34          0          0          0          0          0   llushr.o
      2274         94          0          0          0          0   printfa.o
        96          0          0          0          0          0   uldiv.o
        40          2          0          0          0          0   cdrcmple.o
       356          4          0          0          0          0   dadd.o
       240          6          0          0          0          0   ddiv.o
       190          0          0          0          0          0   depilogue.o
        64         10          0          0          0          0   dfixul.o
       208          6          0          0          0          0   dmul.o

    ----------------------------------------------------------------------
      3574        122          0          0          0          0   Library Totals
         2          0          0          0          0          0   (incl. Padding)

    ----------------------------------------------------------------------

      Code (inc. data)   RO Data    RW Data    ZI Data      Debug   Library Name

      2474         94          0          0          0          0   mc_5.l
      1098         28          0          0          0          0   mf_5.l

    ----------------------------------------------------------------------
      3574        122          0          0          0          0   Library Totals

    ----------------------------------------------------------------------

==============================================================================


      Code (inc. data)   RO Data    RW Data    ZI Data      Debug   

     23086       2256       3282        172       9324          0   Grand Totals
     23086       2256       3282        172       9324          0   ELF Image Totals
     23086       2256       3282        172          0          0   ROM Totals

==============================================================================

    Total RO  Size (Code + RO Data)                26368 (  25.75kB)
    Total RW  Size (RW Data + ZI Data)              9496 (   9.27kB)
    Total ROM Size (Code + RO Data + RW Data)      26540 (  25.92kB)

==============================================================================

