<html>
<body>
<pre>
<h1>µVision Build Log</h1>
<h2>Tool Versions:</h2>
IDE-Version: ¦ÌVision V5.26.2.0
Copyright (C) 2018 ARM Ltd and ARM Germany GmbH. All rights reserved.
License Information: sa Administrator, ads, LIC=YA39U-SUJ49-457T5-GN6SF-KJDC1-E26PG
 
Tool Versions:
Toolchain:       MDK-ARM Plus  Version: 5.26.2.0
Toolchain Path:  D:\LoadDown\Kile\ARM\ARMCC\Bin
C Compiler:      Armcc.exe V5.06 update 6 (build 750)
Assembler:       Armasm.exe V5.06 update 6 (build 750)
Linker/Locator:  ArmLink.exe V5.06 update 6 (build 750)
Library Manager: ArmAr.exe V5.06 update 6 (build 750)
Hex Converter:   FromElf.exe V5.06 update 6 (build 750)
CPU DLL:         SARM.DLL V5.26.2.0
Dialog DLL:      DARMP3.DLL
Target DLL:      Segger\JLTAgdi.dll V1.61.0.0
Dialog DLL:      TARMP3.DLL V1.4.0.0
 
<h2>Project:</h2>
D:\item\6G\BLE_project\projects\ble_app_gatt\bk3432.uvproj
Project File Date:  11/25/2020

<h2>Output:</h2>
*** Using Compiler 'V5.06 update 6 (build 750)', folder: 'D:\LoadDown\Kile\ARM\ARMCC\Bin'
Rebuild target 'BK3432_app'
assembling boot_handlers.s...
assembling boot_vectors.s...
compiling flash.c...
compiling emi.c...
compiling icu.c...
compiling rwble_hl.c...
compiling wdt.c...
compiling timer.c...
compiling rwble.c...
compiling intc.c...
compiling gpio.c...
compiling arch_main.c...
app\arch_main.c(246): warning:  #177-D: variable "sleep_type"  was declared but never referenced
  	uint8_t sleep_type = 0;
app\arch_main.c(423): warning:  #177-D: function "Stack_Integrity_Check"  was declared but never referenced
  static void Stack_Integrity_Check(void)
app\arch_main.c: 2 warnings, 0 errors
compiling pwm.c...
compiling bass.c...
compiling rwip.c...
compiling bass_task.c...
compiling uart.c...
compiling diss.c...
compiling diss_task.c...
compiling rf_xvr.c...
compiling fff0s_task.c...
compiling prf.c...
compiling fff0s.c...
compiling oads_task.c...
compiling oads.c...
compiling prf_utils.c...
compiling app_batt.c...
compiling app_dis.c...
compiling app.c...
compiling app_fff0.c...
compiling app_oads.c...
compiling app_task.c...
linking...
Program Size: Code=20286 RO-data=1058 RW-data=96 ZI-data=8956  
FromELF: creating hex file...
After Build - User command #1: fromelf --bin --output .\output\app\bk3432_ble_app.bin .\obj\bk3432_ble_app.axf
After Build - User command #2: .\output\encrypt_app.bat
D:\item\6G\BLE_project\projects\ble_app_gatt>.\output\BinConvert_3432.exe  -oad .\output\bim\bk3432_ble_bim.bin  .\output\stack\bk3432_ble_stack.bin  .\output\app\bk3432_ble_app.bin -m 0x2020 -l 0x1b020 -v 0x0006 -rom_v 0x0005 -e 00000000 00000000 00000000 00000000 
cmd_bin_oad.stack_file_addr :0x2020
binary version hex:0x6; dec:6
Arm Image Binary will be converted to OAD format binary file.....
cmd_bin_oad.stack_file_addr=2020
boot_bin_len=175c
add stack bin start
oad_stack_app_bin_len=1e500
oad_app_bin_len=5500
67 df 64 cb 06 00 40 15 42 42 42 42 ff ff 05 00 /**< @CREATE_FILE_SUCCESS */
/**< @Download flash file:.\output\app\bk3432_ble_app_merge.bin
/**< @OAD file :.\output\app\bk3432_ble_app_stack.bin,CRC = 0x0088a8b3
/**< @OAD file :.\output\app\bk3432_ble_app_app.bin,CRC = 0xcb64df67
/**< @author <gang.cheng@bekencorp.com> */
/**< @version v0.3 */
".\obj\bk3432_ble_app.axf" - 0 Error(s), 2 Warning(s).
Build Time Elapsed:  00:00:04
</pre>
</body>
</html>
